<!doctype html public "-//w3c//dtd html 4.0 transitional//en">
<html><head>
<title>Static Call Graph - [.\Objects\oppo_pencil.axf]</title></head>
<body><HR>
<H1>Static Call Graph for image .\Objects\oppo_pencil.axf</H1><HR>
<BR><P>#&#060CALLGRAPH&#062# ARM Linker, 5060960: Last Updated: Tue Jul 18 21:19:32 2023
<BR><P>
<H3>Maximum Stack Usage =       4816 bytes + Unknown(Cycles, Untraceable Function Pointers)</H3><H3>
Call chain for Maximum Stack Depth:</H3>
flash_write &rArr; fatfs_flash_write &rArr; hal_flash_write &rArr; hal_exflash_write &rArr; hal_xqspi_init_ext &rArr; hal_xqspi_init_ext_patch &rArr; ll_xqspi_init_patch
<P>
<H3>
Mutually Recursive functions
</H3> <LI><a href="#[5f6]">cortex_backtrace_fault_handler</a>&nbsp;&nbsp;&nbsp;&rArr;&nbsp;&nbsp;&nbsp;<a href="#[5f6]">cortex_backtrace_fault_handler</a><BR>
 <LI><a href="#[7b]">MemManage_Handler</a>&nbsp;&nbsp;&nbsp;&rArr;&nbsp;&nbsp;&nbsp;<a href="#[7b]">MemManage_Handler</a><BR>
 <LI><a href="#[7c]">BusFault_Handler</a>&nbsp;&nbsp;&nbsp;&rArr;&nbsp;&nbsp;&nbsp;<a href="#[7c]">BusFault_Handler</a><BR>
 <LI><a href="#[7d]">UsageFault_Handler</a>&nbsp;&nbsp;&nbsp;&rArr;&nbsp;&nbsp;&nbsp;<a href="#[7d]">UsageFault_Handler</a><BR>
 <LI><a href="#[79]">NMI_Handler</a>&nbsp;&nbsp;&nbsp;&rArr;&nbsp;&nbsp;&nbsp;<a href="#[79]">NMI_Handler</a><BR>
 <LI><a href="#[7f]">DebugMon_Handler</a>&nbsp;&nbsp;&nbsp;&rArr;&nbsp;&nbsp;&nbsp;<a href="#[7f]">DebugMon_Handler</a><BR>
 <LI><a href="#[80]">PendSV_Handler</a>&nbsp;&nbsp;&nbsp;&rArr;&nbsp;&nbsp;&nbsp;<a href="#[80]">PendSV_Handler</a><BR>
</UL>
<P>
<H3>
Function Pointers
</H3><UL>
 <LI><a href="#[92]">AES_IRQHandler</a> from startup_gr55xx.o(.text) referenced from startup_gr55xx.o(RESET)
 <LI><a href="#[9e]">AON_WDT_IRQHandler</a> from maxeye_wdt.o(i.AON_WDT_IRQHandler) referenced from startup_gr55xx.o(RESET)
 <LI><a href="#[119]">BLESLEEP_IRQHandler_patch</a> from rwip_sleep_patch.o(RAM_CODE) referenced from rwip_sleep_patch.o(i.rwip_sleep_func_replace)
 <LI><a href="#[9b]">BLESLP_IRQHandler</a> from rom_symbol.txt(ABSOLUTE) referenced from startup_gr55xx.o(RESET)
 <LI><a href="#[84]">BLE_IRQHandler</a> from rom_symbol.txt(ABSOLUTE) referenced from startup_gr55xx.o(RESET)
 <LI><a href="#[117]">BLE_IRQHandler_patch</a> from rwble_patch.o(RAM_CODE) referenced from rwble_patch.o(i.rwble_replace)
 <LI><a href="#[83]">BLE_SDK_Handler</a> from rom_symbol.txt(ABSOLUTE) referenced from startup_gr55xx.o(RESET)
 <LI><a href="#[127]">BLE_SDK_Handler_patch</a> from system_sdk_patch.o(TINY_RAM_SPACE) referenced from system_sdk_patch.o(i.system_sdk_replace)
 <LI><a href="#[7c]">BusFault_Handler</a> from interrupt_gr55xx.o(RAM_CODE) referenced from startup_gr55xx.o(RESET)
 <LI><a href="#[a3]">CALENDAR_IRQHandler</a> from app_rtc.o(RAM_CODE) referenced from startup_gr55xx.o(RESET)
 <LI><a href="#[9d]">COMP_IRQHandler</a> from startup_gr55xx.o(.text) referenced from startup_gr55xx.o(RESET)
 <LI><a href="#[85]">DMA_IRQHandler</a> from app_dma.o(RAM_CODE) referenced from startup_gr55xx.o(RESET)
 <LI><a href="#[8c]">DUAL_TIMER_IRQHandler</a> from startup_gr55xx.o(.text) referenced from startup_gr55xx.o(RESET)
 <LI><a href="#[7f]">DebugMon_Handler</a> from startup_gr55xx.o(.text) referenced from startup_gr55xx.o(RESET)
 <LI><a href="#[88]">EXT0_IRQHandler</a> from app_gpiote.o(RAM_CODE) referenced from startup_gr55xx.o(RESET)
 <LI><a href="#[89]">EXT1_IRQHandler</a> from app_gpiote.o(RAM_CODE) referenced from startup_gr55xx.o(RESET)
 <LI><a href="#[94]">EXT2_IRQHandler</a> from app_gpiote.o(RAM_CODE) referenced from startup_gr55xx.o(RESET)
 <LI><a href="#[93]">HMAC_IRQHandler</a> from startup_gr55xx.o(.text) referenced from startup_gr55xx.o(RESET)
 <LI><a href="#[7a]">HardFault_Handler</a> from interrupt_gr55xx.o(RAM_CODE) referenced from startup_gr55xx.o(RESET)
 <LI><a href="#[90]">I2C0_IRQHandler</a> from app_i2c.o(RAM_CODE) referenced from startup_gr55xx.o(RESET)
 <LI><a href="#[91]">I2C1_IRQHandler</a> from app_i2c.o(RAM_CODE) referenced from startup_gr55xx.o(RESET)
 <LI><a href="#[9f]">I2S_M_IRQHandler</a> from startup_gr55xx.o(.text) referenced from startup_gr55xx.o(RESET)
 <LI><a href="#[a0]">I2S_S_IRQHandler</a> from startup_gr55xx.o(.text) referenced from startup_gr55xx.o(RESET)
 <LI><a href="#[a1]">ISO7816_IRQHandler</a> from startup_gr55xx.o(.text) referenced from startup_gr55xx.o(RESET)
 <LI><a href="#[7b]">MemManage_Handler</a> from interrupt_gr55xx.o(RAM_CODE) referenced from startup_gr55xx.o(RESET)
 <LI><a href="#[79]">NMI_Handler</a> from startup_gr55xx.o(.text) referenced from startup_gr55xx.o(RESET)
 <LI><a href="#[97]">PKC_IRQHandler</a> from startup_gr55xx.o(.text) referenced from startup_gr55xx.o(RESET)
 <LI><a href="#[96]">PMU_IRQHandler</a> from startup_gr55xx.o(.text) referenced from startup_gr55xx.o(RESET)
 <LI><a href="#[a2]">PRESENT_IRQHandler</a> from startup_gr55xx.o(.text) referenced from startup_gr55xx.o(RESET)
 <LI><a href="#[9a]">PWR_CMD_IRQHandler</a> from startup_gr55xx.o(.text) referenced from startup_gr55xx.o(RESET)
 <LI><a href="#[80]">PendSV_Handler</a> from startup_gr55xx.o(.text) referenced from startup_gr55xx.o(RESET)
 <LI><a href="#[8d]">QSPI0_IRQHandler</a> from startup_gr55xx.o(.text) referenced from startup_gr55xx.o(RESET)
 <LI><a href="#[99]">QSPI1_IRQHandler</a> from startup_gr55xx.o(.text) referenced from startup_gr55xx.o(RESET)
 <LI><a href="#[95]">RNG_IRQHandler</a> from startup_gr55xx.o(.text) referenced from startup_gr55xx.o(RESET)
 <LI><a href="#[78]">Reset_Handler</a> from startup_gr55xx.o(.text) referenced from startup_gr55xx.o(RESET)
 <LI><a href="#[9c]">SLPTIMER_IRQHandler</a> from interrupt_gr55xx.o(RAM_CODE) referenced from startup_gr55xx.o(RESET)
 <LI><a href="#[86]">SPI_M_IRQHandler</a> from startup_gr55xx.o(.text) referenced from startup_gr55xx.o(RESET)
 <LI><a href="#[87]">SPI_S_IRQHandler</a> from startup_gr55xx.o(.text) referenced from startup_gr55xx.o(RESET)
 <LI><a href="#[7e]">SVC_Handler</a> from interrupt_gr55xx.o(RAM_CODE) referenced from startup_gr55xx.o(RESET)
 <LI><a href="#[81]">SysTick_Handler</a> from interrupt_gr55xx.o(i.SysTick_Handler) referenced from startup_gr55xx.o(RESET)
 <LI><a href="#[a6]">SystemInit</a> from system_gr55xx.o(i.SystemInit) referenced from startup_gr55xx.o(.text)
 <LI><a href="#[8a]">TIMER0_IRQHandler</a> from app_tim.o(RAM_CODE) referenced from startup_gr55xx.o(RESET)
 <LI><a href="#[8b]">TIMER1_IRQHandler</a> from app_tim.o(RAM_CODE) referenced from startup_gr55xx.o(RESET)
 <LI><a href="#[8e]">UART0_IRQHandler</a> from app_uart.o(RAM_CODE) referenced from startup_gr55xx.o(RESET)
 <LI><a href="#[8f]">UART1_IRQHandler</a> from app_uart.o(RAM_CODE) referenced from startup_gr55xx.o(RESET)
 <LI><a href="#[7d]">UsageFault_Handler</a> from interrupt_gr55xx.o(RAM_CODE) referenced from startup_gr55xx.o(RESET)
 <LI><a href="#[82]">WDT_IRQHandler</a> from startup_gr55xx.o(.text) referenced from startup_gr55xx.o(RESET)
 <LI><a href="#[98]">XQSPI_IRQHandler</a> from startup_gr55xx.o(.text) referenced from startup_gr55xx.o(RESET)
 <LI><a href="#[a9]">_sbackspace</a> from _sgetc.o(.text) referenced from __0sscanf.o(.text)
 <LI><a href="#[aa]">_scanf_char_input</a> from scanf_char.o(.text) referenced from scanf_char.o(.text)
 <LI><a href="#[a8]">_sgetc</a> from _sgetc.o(.text) referenced from __0sscanf.o(.text)
 <LI><a href="#[ad]">_snputc</a> from printfa.o(i._snputc) referenced from printfa.o(i.__0snprintf)
 <LI><a href="#[ad]">_snputc</a> from printfa.o(i._snputc) referenced from printfa.o(i.__0vsnprintf)
 <LI><a href="#[ae]">_sputc</a> from printfa.o(i._sputc) referenced from printfa.o(i.__0sprintf)
 <LI><a href="#[5e]">app_assert_err_cb</a> from app_assert.o(i.app_assert_err_cb) referenced 2 times from app_assert.o(.data)
 <LI><a href="#[5f]">app_assert_param_cb</a> from app_assert.o(i.app_assert_param_cb) referenced 2 times from app_assert.o(.data)
 <LI><a href="#[60]">app_assert_warn_cb</a> from app_assert.o(i.app_assert_warn_cb) referenced 2 times from app_assert.o(.data)
 <LI><a href="#[12d]">app_gap_adv_start_cb</a> from user_gap_callback.o(i.app_gap_adv_start_cb) referenced from user_gap_callback.o(.constdata)
 <LI><a href="#[12e]">app_gap_adv_stop_cb</a> from user_gap_callback.o(i.app_gap_adv_stop_cb) referenced from user_gap_callback.o(.constdata)
 <LI><a href="#[130]">app_gap_connect_cb</a> from user_gap_callback.o(i.app_gap_connect_cb) referenced from user_gap_callback.o(.constdata)
 <LI><a href="#[132]">app_gap_connection_update_cb</a> from user_gap_callback.o(i.app_gap_connection_update_cb) referenced from user_gap_callback.o(.constdata)
 <LI><a href="#[133]">app_gap_connection_update_req_cb</a> from user_gap_callback.o(i.app_gap_connection_update_req_cb) referenced from user_gap_callback.o(.constdata)
 <LI><a href="#[131]">app_gap_disconnect_cb</a> from user_gap_callback.o(i.app_gap_disconnect_cb) referenced from user_gap_callback.o(.constdata)
 <LI><a href="#[12f]">app_gap_scan_req_ind_cb</a> from user_gap_callback.o(i.app_gap_scan_req_ind_cb) referenced from user_gap_callback.o(.constdata)
 <LI><a href="#[b1]">app_i2c0_evt_handler</a> from maxeye_i2c0.o(i.app_i2c0_evt_handler) referenced from maxeye_i2c0.o(i.app_i2c0_master_init)
 <LI><a href="#[135]">app_sec_rcv_enc_ind_cb</a> from user_sm_callback.o(i.app_sec_rcv_enc_ind_cb) referenced from user_sm_callback.o(.constdata)
 <LI><a href="#[134]">app_sec_rcv_enc_req_cb</a> from user_sm_callback.o(i.app_sec_rcv_enc_req_cb) referenced from user_sm_callback.o(.constdata)
 <LI><a href="#[c8]">app_uart_evt_handler</a> from bsp.o(i.app_uart_evt_handler) referenced from bsp.o(i.bsp_uart_init)
 <LI><a href="#[159]">atts_execute_write_req</a> from rom_symbol.txt(ABSOLUTE) referenced from atts_patch.o(.constdata)
 <LI><a href="#[14f]">atts_find_by_type_req</a> from rom_symbol.txt(ABSOLUTE) referenced from atts_patch.o(.constdata)
 <LI><a href="#[14e]">atts_find_info_req</a> from rom_symbol.txt(ABSOLUTE) referenced from atts_patch.o(.constdata)
 <LI><a href="#[14d]">atts_mtu_exc_req</a> from rom_symbol.txt(ABSOLUTE) referenced from atts_patch.o(.constdata)
 <LI><a href="#[158]">atts_prepare_write_req</a> from rom_symbol.txt(ABSOLUTE) referenced from atts_patch.o(.constdata)
 <LI><a href="#[153]">atts_read_blob_req</a> from rom_symbol.txt(ABSOLUTE) referenced from atts_patch.o(.constdata)
 <LI><a href="#[151]">atts_read_by_grp_type_req</a> from rom_symbol.txt(ABSOLUTE) referenced from atts_patch.o(.constdata)
 <LI><a href="#[150]">atts_read_by_type_req</a> from rom_symbol.txt(ABSOLUTE) referenced from atts_patch.o(.constdata)
 <LI><a href="#[154]">atts_read_mult_req_patch</a> from atts_patch.o(i.atts_read_mult_req_patch) referenced from atts_patch.o(.constdata)
 <LI><a href="#[152]">atts_read_req</a> from rom_symbol.txt(ABSOLUTE) referenced from atts_patch.o(.constdata)
 <LI><a href="#[155]">atts_write_cmd</a> from rom_symbol.txt(ABSOLUTE) referenced from atts_patch.o(.constdata)
 <LI><a href="#[156]">atts_write_req</a> from rom_symbol.txt(ABSOLUTE) referenced from atts_patch.o(.constdata)
 <LI><a href="#[157]">atts_write_signed</a> from rom_symbol.txt(ABSOLUTE) referenced from atts_patch.o(.constdata)
 <LI><a href="#[70]">bas_cccd_set_cb</a> from bas.o(i.bas_cccd_set_cb) referenced 2 times from bas.o(.data)
 <LI><a href="#[6d]">bas_init</a> from bas.o(i.bas_init) referenced 2 times from bas.o(.data)
 <LI><a href="#[6e]">bas_read_att_cb</a> from bas.o(i.bas_read_att_cb) referenced 2 times from bas.o(.data)
 <LI><a href="#[6f]">bas_write_att_cb</a> from bas.o(i.bas_write_att_cb) referenced 2 times from bas.o(.data)
 <LI><a href="#[b2]">batt_charge_init_event_handler</a> from maxeye_battery.o(i.batt_charge_init_event_handler) referenced from maxeye_battery.o(i.batt_charge_init_event_register)
 <LI><a href="#[b3]">batt_charge_int_event_handler</a> from maxeye_battery.o(i.batt_charge_int_event_handler) referenced from maxeye_battery.o(i.batt_charge_int_event_register)
 <LI><a href="#[b4]">batt_meter_event_handler</a> from maxeye_battery.o(i.batt_meter_event_handler) referenced from maxeye_battery.o(i.batt_meter_event_register)
 <LI><a href="#[b5]">batt_meter_init_event_handler</a> from maxeye_battery.o(i.batt_meter_init_event_handler) referenced from maxeye_battery.o(i.batt_meter_init_event_register)
 <LI><a href="#[122]">bb_watch_timer_cbk_patch</a> from sch_prog_patch.o(i.bb_watch_timer_cbk_patch) referenced from sch_prog_patch.o(i.sch_prog_frm_cbk_replace)
 <LI><a href="#[120]">bb_watch_timer_start_patch</a> from sch_prog_patch.o(RAM_CODE) referenced from sch_prog_patch.o(i.sch_prog_frm_cbk_replace)
 <LI><a href="#[14b]">ble_bm_set_sec_info_patch</a> from ble_bondmgr_patch.o(i.ble_bm_set_sec_info_patch) referenced from fpb_patch_init.o(.constdata)
 <LI><a href="#[118]">ble_core_sleep_patch</a> from rwip_sleep_patch.o(RAM_CODE) referenced from rwip_sleep_patch.o(i.rwip_sleep_func_replace)
 <LI><a href="#[b6]">ble_idle_event_handler</a> from maxeye_sleep.o(i.ble_idle_event_handler) referenced from maxeye_sleep.o(i.ble_idle_event_register)
 <LI><a href="#[0]">ble_init_cmp_callback</a> from user_app.o(i.ble_init_cmp_callback) referenced 2 times from main.o(.data)
 <LI><a href="#[11c]">ble_irq_handler_without_stack_init</a> from rwip_sleep_common.o(RAM_CODE) referenced from rwip_sleep_common.o(i.rwip_sleep_without_stack_init_replace)
 <LI><a href="#[ba]">ble_nvds_del</a> from sdk_nvds_patch.o(i.ble_nvds_del) referenced from sdk_nvds_patch.o(i.ble_nvds_set_entry)
 <LI><a href="#[b8]">ble_nvds_get</a> from rom_symbol.txt(ABSOLUTE) referenced from sdk_nvds_patch.o(i.ble_nvds_set_entry)
 <LI><a href="#[b7]">ble_nvds_initialized</a> from rom_symbol.txt(ABSOLUTE) referenced from sdk_nvds_patch.o(i.ble_nvds_set_entry)
 <LI><a href="#[b9]">ble_nvds_put</a> from sdk_nvds_patch.o(i.ble_nvds_put) referenced from sdk_nvds_patch.o(i.ble_nvds_set_entry)
 <LI><a href="#[bf]">ble_rwip_wakeup</a> from rom_symbol.txt(ABSOLUTE) referenced from system_sdk_patch.o(i.ble_stack_init)
 <LI><a href="#[c0]">ble_rwip_wakeup_end</a> from rom_symbol.txt(ABSOLUTE) referenced from system_sdk_patch.o(i.ble_stack_init)
 <LI><a href="#[66e]">ble_rwip_wakeup_patch</a> from rwip_sleep_patch.o(RAM_CODE) referenced from rwip_sleep_patch.o(RAM_CODE)
 <LI><a href="#[d8]">ble_sdk_common_timeout_handler</a> from rom_symbol.txt(ABSOLUTE) referenced from ble_sdk_task_patch.o(i.host_to_sdk_msg_handler_patch)
 <LI><a href="#[39]">ble_sdk_gatt_mtu_changed_ind_handler_patch</a> from ble_sdk_gatt_task_patch.o(i.ble_sdk_gatt_mtu_changed_ind_handler_patch) referenced 2 times from platform_gr55xx.o(.data)
 <LI><a href="#[37]">ble_sdk_gattc_event_ind_handler_patch</a> from ble_sdk_gatt_task_patch.o(i.ble_sdk_gattc_event_ind_handler_patch) referenced 2 times from platform_gr55xx.o(.data)
 <LI><a href="#[38]">ble_sdk_gatts_svc_changed_cfg_ind_handler_patch</a> from ble_sdk_gatt_task_patch.o(i.ble_sdk_gatts_svc_changed_cfg_ind_handler_patch) referenced 2 times from platform_gr55xx.o(.data)
 <LI><a href="#[11d]">ble_sdk_handler_without_stack_init</a> from rwip_sleep_common.o(RAM_CODE) referenced from rwip_sleep_common.o(i.rwip_sleep_without_stack_init_replace)
 <LI><a href="#[bd]">ble_sdk_init_patch</a> from ble_sdk_patch.o(i.ble_sdk_init_patch) referenced from ble_sdk_patch.o(i.ble_sdk_replace)
 <LI><a href="#[61]">ble_send_data</a> from dfu_port.o(i.ble_send_data) referenced 2 times from dfu_port.o(.data)
 <LI><a href="#[11b]">ble_sleep_handler_without_stack_init</a> from rwip_sleep_common.o(RAM_CODE) referenced from rwip_sleep_common.o(i.rwip_sleep_without_stack_init_replace)
 <LI><a href="#[11a]">ble_sleep_without_stack_init</a> from rwip_sleep_common.o(i.ble_sleep_without_stack_init) referenced from rwip_sleep_common.o(i.rwip_sleep_without_stack_init_replace)
 <LI><a href="#[c6]">bsp_uart_flush</a> from bsp.o(i.bsp_uart_flush) referenced from bsp.o(i.bsp_log_init)
 <LI><a href="#[c7]">bsp_uart_send</a> from bsp.o(i.bsp_uart_send) referenced from bsp.o(i.bsp_log_init)
 <LI><a href="#[fe]">code_uart_evt_handler</a> from maxeye_uart.o(i.code_uart_evt_handler) referenced from maxeye_uart.o(i.maxeye_code_uart_init)
 <LI><a href="#[c2]">config_1M_tx_gain_value</a> from rom_symbol.txt(ABSOLUTE) referenced from system_sdk_patch.o(i.ble_stack_init)
 <LI><a href="#[c3]">config_2M_tx_gain_value</a> from rom_symbol.txt(ABSOLUTE) referenced from system_sdk_patch.o(i.ble_stack_init)
 <LI><a href="#[c4]">config_coded_tx_gain_value</a> from rom_symbol.txt(ABSOLUTE) referenced from system_sdk_patch.o(i.ble_stack_init)
 <LI><a href="#[10c]">cpll_calibration</a> from platform_sdk.o(i.cpll_calibration) referenced from platform_sdk.o(i.platform_sdk_init)
 <LI><a href="#[17]">dfu_program_end_callback</a> from maxeye_dfu.o(i.dfu_program_end_callback) referenced 2 times from maxeye_dfu.o(.data)
 <LI><a href="#[15]">dfu_program_start_callback</a> from maxeye_dfu.o(i.dfu_program_start_callback) referenced 2 times from maxeye_dfu.o(.data)
 <LI><a href="#[16]">dfu_programing_callback</a> from maxeye_dfu.o(i.dfu_programing_callback) referenced 2 times from maxeye_dfu.o(.data)
 <LI><a href="#[71]">dis_init</a> from dis.o(i.dis_init) referenced 2 times from dis.o(.data)
 <LI><a href="#[72]">dis_read_att_cb</a> from dis.o(i.dis_read_att_cb) referenced 2 times from dis.o(.data)
 <LI><a href="#[b0]">dma_err_callback</a> from app_dma.o(i.dma_err_callback) referenced from app_dma.o(i.app_dma_init)
 <LI><a href="#[136]">dma_prepare_for_sleep</a> from app_dma.o(i.dma_prepare_for_sleep) referenced from app_dma.o(.constdata)
 <LI><a href="#[137]">dma_sleep_canceled</a> from app_dma.o(i.dma_sleep_canceled) referenced from app_dma.o(.constdata)
 <LI><a href="#[af]">dma_tfr_callback</a> from app_dma.o(i.dma_tfr_callback) referenced from app_dma.o(i.app_dma_init)
 <LI><a href="#[138]">dma_wake_up_ind</a> from app_dma.o(RAM_CODE) referenced from app_dma.o(.constdata)
 <LI><a href="#[18]">flash_initialize</a> from flash_diskio.o(i.flash_initialize) referenced 2 times from flash_diskio.o(.data)
 <LI><a href="#[1c]">flash_ioctl</a> from flash_diskio.o(i.flash_ioctl) referenced 2 times from flash_diskio.o(.data)
 <LI><a href="#[1a]">flash_read</a> from flash_diskio.o(i.flash_read) referenced 2 times from flash_diskio.o(.data)
 <LI><a href="#[19]">flash_status</a> from flash_diskio.o(i.flash_status) referenced 2 times from flash_diskio.o(.data)
 <LI><a href="#[1b]">flash_write</a> from flash_diskio.o(i.flash_write) referenced 2 times from flash_diskio.o(.data)
 <LI><a href="#[108]">fpb_patch_enable</a> from fpb_patch_init.o(i.fpb_patch_enable) referenced from platform_gr55xx.o(i.platform_init)
 <LI><a href="#[ac]">fputc</a> from app_log.o(i.fputc) referenced from printfa.o(i.__0printf)
 <LI><a href="#[cc]">g_sensor_init_event_handler</a> from maxeye_sensor.o(i.g_sensor_init_event_handler) referenced from maxeye_sensor.o(i.g_sensor_init_event_register)
 <LI><a href="#[cd]">g_sensor_int_event_handler</a> from maxeye_sensor.o(i.g_sensor_int_event_handler) referenced from maxeye_sensor.o(i.g_sensor_int_event_register)
 <LI><a href="#[ce]">g_sensor_int_rep_event_handler</a> from maxeye_sensor.o(i.g_sensor_int_rep_event_handler) referenced from maxeye_sensor.o(i.g_sensor_int_rep_event_register)
 <LI><a href="#[1e]">gap_activity_stopped_ind_handler_patch</a> from ble_sdk_gapm_patch.o(i.gap_activity_stopped_ind_handler_patch) referenced 2 times from platform_gr55xx.o(.data)
 <LI><a href="#[35]">gap_cmp_evt_handler_patch</a> from ble_sdk_gapc_patch.o(i.gap_cmp_evt_handler_patch) referenced 2 times from platform_gr55xx.o(.data)
 <LI><a href="#[32]">gap_connection_req_ind_handler_patch</a> from ble_sdk_gapc_patch.o(i.gap_connection_req_ind_handler_patch) referenced 2 times from platform_gr55xx.o(.data)
 <LI><a href="#[1f]">gap_dev_bdaddr_ind_handler_patch</a> from ble_sdk_gapm_patch.o(i.gap_dev_bdaddr_ind_handler_patch) referenced 2 times from platform_gr55xx.o(.data)
 <LI><a href="#[bb]">gap_device_config_params_init_patch</a> from ble_sdk_gapm_patch.o(i.gap_device_config_params_init_patch) referenced from ble_sdk_gapm_patch.o(i.ble_sdk_gapm_replace)
 <LI><a href="#[33]">gap_disconnect_ind_handler_patch</a> from ble_sdk_gapc_patch.o(i.gap_disconnect_ind_handler_patch) referenced 2 times from platform_gr55xx.o(.data)
 <LI><a href="#[bc]">gap_init_fsm_next_func_patch</a> from ble_sdk_gapm_patch.o(i.gap_init_fsm_next_func_patch) referenced from ble_sdk_gapm_patch.o(i.ble_sdk_gapm_replace)
 <LI><a href="#[31]">gapc_hci_handler_patch</a> from gapc_hci_patch.o(i.gapc_hci_handler_patch) referenced 2 times from platform_gr55xx.o(.data)
 <LI><a href="#[3a]">gapm_activity_create_cmd_handler_patch</a> from gapm_actv_patch.o(i.gapm_activity_create_cmd_handler_patch) referenced 2 times from platform_gr55xx.o(.data)
 <LI><a href="#[cf]">gapm_adv_check_param_func_patch</a> from gapm_adv_patch.o(i.gapm_adv_check_param_func_patch) referenced from gapm_adv_patch.o(i.gapm_adv_replace)
 <LI><a href="#[1d]">gapm_cmp_evt_handler_patch</a> from ble_sdk_gapm_patch.o(i.gapm_cmp_evt_handler_patch) referenced 2 times from platform_gr55xx.o(.data)
 <LI><a href="#[3b]">gapm_hci_handler_patch</a> from gapm_task_patch.o(i.gapm_hci_handler_patch) referenced 2 times from platform_gr55xx.o(.data)
 <LI><a href="#[d3]">gapm_init_connection_ind_func_patch</a> from gapm_init_patch.o(i.gapm_init_connection_ind_func_patch) referenced from gapm_init_patch.o(i.gapm_init_replace)
 <LI><a href="#[d2]">gapm_init_delete</a> from rom_symbol.txt(ABSOLUTE) referenced from gapm_init_patch.o(i.gapm_init_create_patch)
 <LI><a href="#[d0]">gapm_init_start_patch</a> from gapm_init_patch.o(i.gapm_init_start_patch) referenced from gapm_init_patch.o(i.gapm_init_create_patch)
 <LI><a href="#[d1]">gapm_init_stop_patch</a> from gapm_init_patch.o(i.gapm_init_stop_patch) referenced from gapm_init_patch.o(i.gapm_init_create_patch)
 <LI><a href="#[d4]">gatt_on_disconnection_func_patch</a> from ble_sdk_gatts_patch.o(i.gatt_on_disconnection_func_patch) referenced from ble_sdk_gatts_patch.o(i.gatt_on_disconnection_replace)
 <LI><a href="#[123]">gattc_write_req_ind_handler_patch</a> from ble_sdk_prf_patch.o(i.gattc_write_req_ind_handler_patch) referenced from ble_sdk_prf_patch.o(i.sdk_prf_msg_handler_tab_replace)
 <LI><a href="#[c9]">get_info</a> from dfu_cmd_handler_patch.o(i.get_info) referenced from dfu_cmd_handler_patch.o(i.dfu_cmd_handler_replace)
 <LI><a href="#[139]">gpiote_prepare_for_sleep</a> from app_gpiote.o(i.gpiote_prepare_for_sleep) referenced from app_gpiote.o(.constdata)
 <LI><a href="#[13a]">gpiote_sleep_canceled</a> from app_gpiote.o(i.gpiote_sleep_canceled) referenced from app_gpiote.o(.constdata)
 <LI><a href="#[13b]">gpiote_wake_up_ind</a> from app_gpiote.o(RAM_CODE) referenced from app_gpiote.o(.constdata)
 <LI><a href="#[46]">hal_aon_gpio_callback</a> from app_gpiote.o(i.hal_aon_gpio_callback) referenced 2 times from gr55xx_hal_aon_gpio.o(.data)
 <LI><a href="#[5a]">hal_aon_wdt_alarm_callback</a> from maxeye_wdt.o(i.hal_aon_wdt_alarm_callback) referenced 2 times from gr55xx_hal_aon_wdt.o(.data)
 <LI><a href="#[14a]">hal_exflash_erase</a> from gr55xx_hal_exflash_patch.o(RAM_CODE) referenced from fpb_patch_init.o(.constdata)
 <LI><a href="#[149]">hal_exflash_write</a> from gr55xx_hal_exflash_patch.o(RAM_CODE) referenced from fpb_patch_init.o(.constdata)
 <LI><a href="#[64]">hal_flash_erase</a> from hal_flash_patch.o(i.hal_flash_erase) referenced 2 times from dfu_port.o(.data)
 <LI><a href="#[65]">hal_flash_erase_chip</a> from hal_flash_patch.o(i.hal_flash_erase_chip) referenced 2 times from dfu_port.o(.data)
 <LI><a href="#[68]">hal_flash_get_info</a> from rom_symbol.txt(ABSOLUTE) referenced 2 times from dfu_port.o(.data)
 <LI><a href="#[67]">hal_flash_get_security</a> from rom_symbol.txt(ABSOLUTE) referenced 2 times from dfu_port.o(.data)
 <LI><a href="#[62]">hal_flash_read</a> from hal_flash_patch.o(i.hal_flash_read) referenced 2 times from dfu_port.o(.data)
 <LI><a href="#[66]">hal_flash_set_security</a> from rom_symbol.txt(ABSOLUTE) referenced 2 times from dfu_port.o(.data)
 <LI><a href="#[63]">hal_flash_write</a> from hal_flash_patch.o(i.hal_flash_write) referenced 2 times from dfu_port.o(.data)
 <LI><a href="#[45]">hal_gpio_exti_callback</a> from app_gpiote.o(i.hal_gpio_exti_callback) referenced 2 times from gr55xx_hal_gpio.o(.data)
 <LI><a href="#[59]">hal_i2c_abort_cplt_callback</a> from gr55xx_hal_i2c.o(i.hal_i2c_abort_cplt_callback) referenced 2 times from gr55xx_hal_i2c.o(.data)
 <LI><a href="#[58]">hal_i2c_error_callback</a> from app_i2c.o(i.hal_i2c_error_callback) referenced 2 times from gr55xx_hal_i2c.o(.data)
 <LI><a href="#[55]">hal_i2c_listen_cplt_callback</a> from gr55xx_hal_i2c.o(i.hal_i2c_listen_cplt_callback) referenced 2 times from gr55xx_hal_i2c.o(.data)
 <LI><a href="#[52]">hal_i2c_master_rx_cplt_callback</a> from app_i2c.o(i.hal_i2c_master_rx_cplt_callback) referenced 2 times from gr55xx_hal_i2c.o(.data)
 <LI><a href="#[51]">hal_i2c_master_tx_cplt_callback</a> from app_i2c.o(i.hal_i2c_master_tx_cplt_callback) referenced 2 times from gr55xx_hal_i2c.o(.data)
 <LI><a href="#[57]">hal_i2c_mem_rx_cplt_callback</a> from app_i2c.o(i.hal_i2c_mem_rx_cplt_callback) referenced 2 times from gr55xx_hal_i2c.o(.data)
 <LI><a href="#[56]">hal_i2c_mem_tx_cplt_callback</a> from app_i2c.o(i.hal_i2c_mem_tx_cplt_callback) referenced 2 times from gr55xx_hal_i2c.o(.data)
 <LI><a href="#[50]">hal_i2c_msp_deinit</a> from gr55xx_hal_i2c.o(i.hal_i2c_msp_deinit) referenced 2 times from gr55xx_hal_i2c.o(.data)
 <LI><a href="#[4f]">hal_i2c_msp_init</a> from gr55xx_hal_i2c.o(i.hal_i2c_msp_init) referenced 2 times from gr55xx_hal_i2c.o(.data)
 <LI><a href="#[54]">hal_i2c_slave_rx_cplt_callback</a> from app_i2c.o(i.hal_i2c_slave_rx_cplt_callback) referenced 2 times from gr55xx_hal_i2c.o(.data)
 <LI><a href="#[53]">hal_i2c_slave_tx_cplt_callback</a> from app_i2c.o(i.hal_i2c_slave_tx_cplt_callback) referenced 2 times from gr55xx_hal_i2c.o(.data)
 <LI><a href="#[44]">hal_msp_deinit</a> from gr55xx_hal.o(i.hal_msp_deinit) referenced 2 times from gr55xx_hal.o(.data)
 <LI><a href="#[43]">hal_msp_init</a> from gr55xx_hal.o(i.hal_msp_init) referenced 2 times from gr55xx_hal.o(.data)
 <LI><a href="#[d5]">hal_pwr_sleep_timer_elapsed_callback</a> from app_timer.o(RAM_CODE) referenced from gr55xx_hal_pwr.o(i.hal_pwr_config_timer_wakeup)
 <LI><a href="#[5c]">hal_timer_base_msp_deinit</a> from gr55xx_hal_tim.o(i.hal_timer_base_msp_deinit) referenced 2 times from gr55xx_hal_tim.o(.data)
 <LI><a href="#[5b]">hal_timer_base_msp_init</a> from gr55xx_hal_tim.o(i.hal_timer_base_msp_init) referenced 2 times from gr55xx_hal_tim.o(.data)
 <LI><a href="#[5d]">hal_timer_period_elapsed_callback</a> from app_tim.o(i.hal_timer_period_elapsed_callback) referenced 2 times from gr55xx_hal_tim.o(.data)
 <LI><a href="#[4c]">hal_uart_abort_cplt_callback</a> from gr55xx_hal_uart.o(i.hal_uart_abort_cplt_callback) referenced 2 times from gr55xx_hal_uart.o(.data)
 <LI><a href="#[4e]">hal_uart_abort_rx_cplt_callback</a> from app_uart.o(i.hal_uart_abort_rx_cplt_callback) referenced 2 times from gr55xx_hal_uart.o(.data)
 <LI><a href="#[4d]">hal_uart_abort_tx_cplt_callback</a> from app_uart.o(i.hal_uart_abort_tx_cplt_callback) referenced 2 times from gr55xx_hal_uart.o(.data)
 <LI><a href="#[4b]">hal_uart_error_callback</a> from app_uart.o(i.hal_uart_error_callback) referenced 2 times from gr55xx_hal_uart.o(.data)
 <LI><a href="#[48]">hal_uart_msp_deinit</a> from gr55xx_hal_uart.o(i.hal_uart_msp_deinit) referenced 2 times from gr55xx_hal_uart.o(.data)
 <LI><a href="#[47]">hal_uart_msp_init</a> from gr55xx_hal_uart.o(i.hal_uart_msp_init) referenced 2 times from gr55xx_hal_uart.o(.data)
 <LI><a href="#[4a]">hal_uart_rx_cplt_callback</a> from app_uart.o(i.hal_uart_rx_cplt_callback) referenced 2 times from gr55xx_hal_uart.o(.data)
 <LI><a href="#[49]">hal_uart_tx_cplt_callback</a> from app_uart.o(i.hal_uart_tx_cplt_callback) referenced 2 times from gr55xx_hal_uart.o(.data)
 <LI><a href="#[3]">hci_auth_payl_to_exp_evt_handler</a> from rom_symbol.txt(ABSOLUTE) referenced 2 times from app_gapc_hci_patch.o(.data)
 <LI><a href="#[1]">hci_disc_cmp_evt_handler_patch</a> from app_gapc_hci_patch.o(i.hci_disc_cmp_evt_handler_patch) referenced 2 times from app_gapc_hci_patch.o(.data)
 <LI><a href="#[4]">hci_enc_chg_evt_handler</a> from rom_symbol.txt(ABSOLUTE) referenced 2 times from app_gapc_hci_patch.o(.data)
 <LI><a href="#[5]">hci_enc_key_refr_evt_handler</a> from rom_symbol.txt(ABSOLUTE) referenced 2 times from app_gapc_hci_patch.o(.data)
 <LI><a href="#[3c]">hci_le_add_dev_to_wlst_cmd_handler_patch</a> from llm_hci_patch.o(i.hci_le_add_dev_to_wlst_cmd_handler_patch) referenced 2 times from platform_gr55xx.o(.data)
 <LI><a href="#[3e]">hci_le_clear_wlst_cmd_handler_patch</a> from llm_hci_patch.o(i.hci_le_clear_wlst_cmd_handler_patch) referenced 2 times from platform_gr55xx.o(.data)
 <LI><a href="#[42]">hci_le_cmd_cmp_evt_init_handler_patch</a> from gapm_init_patch.o(i.hci_le_cmd_cmp_evt_init_handler_patch) referenced 2 times from platform_gr55xx.o(.data)
 <LI><a href="#[e2]">hci_le_con_upd_cmd_handler</a> from rom_symbol.txt(ABSOLUTE) referenced from llc_hci_patch.o(i.llc_hci_new_handler_find)
 <LI><a href="#[e3]">hci_le_con_upd_cmd_handler_patch</a> from llc_con_upd_patch.o(i.hci_le_con_upd_cmd_handler_patch) referenced from llc_hci_patch.o(i.llc_hci_new_handler_find)
 <LI><a href="#[3f]">hci_le_ext_create_con_cmd_handler_patch</a> from llm_hci_patch.o(i.hci_le_ext_create_con_cmd_handler_patch) referenced 2 times from platform_gr55xx.o(.data)
 <LI><a href="#[3d]">hci_le_rmv_dev_from_wlst_cmd_handler_patch</a> from llm_hci_patch.o(i.hci_le_rmv_dev_from_wlst_cmd_handler_patch) referenced 2 times from platform_gr55xx.o(.data)
 <LI><a href="#[41]">hci_le_set_ext_scan_en_cmd_handler_patch</a> from llm_scan_patch.o(i.hci_le_set_ext_scan_en_cmd_handler_patch) referenced 2 times from platform_gr55xx.o(.data)
 <LI><a href="#[40]">hci_le_set_ext_scan_param_cmd_handler_patch</a> from llm_scan_patch.o(i.hci_le_set_ext_scan_param_cmd_handler_patch) referenced 2 times from platform_gr55xx.o(.data)
 <LI><a href="#[30]">hci_nb_cmp_pkts_evt_handler_patch</a> from l2cc_task_patch.o(i.hci_nb_cmp_pkts_evt_handler_patch) referenced 2 times from platform_gr55xx.o(.data)
 <LI><a href="#[2]">hci_rd_rem_ver_info_cmp_evt_handler</a> from rom_symbol.txt(ABSOLUTE) referenced 2 times from app_gapc_hci_patch.o(.data)
 <LI><a href="#[148]">hci_send_2_controller_patch</a> from hci_patch.o(i.hci_send_2_controller_patch) referenced from fpb_patch_init.o(.constdata)
 <LI><a href="#[d7]">hid_service_event_process</a> from maxeye_public_services.o(i.hid_service_event_process) referenced from maxeye_public_services.o(i.hids_init)
 <LI><a href="#[6c]">hids_cccd_set_cb</a> from hids.o(i.hids_cccd_set_cb) referenced 2 times from hids.o(.data)
 <LI><a href="#[69]">hids_init</a> from hids.o(i.hids_init) referenced 2 times from hids.o(.data)
 <LI><a href="#[6a]">hids_read_att_cb</a> from hids.o(i.hids_read_att_cb) referenced 2 times from hids.o(.data)
 <LI><a href="#[6b]">hids_write_att_cb</a> from hids.o(i.hids_write_att_cb) referenced 2 times from hids.o(.data)
 <LI><a href="#[22]">host_to_sdk_msg_handler_patch</a> from ble_sdk_task_patch.o(i.host_to_sdk_msg_handler_patch) referenced 2 times from platform_gr55xx.o(.data)
 <LI><a href="#[d9]">i2c_dma_abort</a> from gr55xx_hal_i2c_patch.o(i.i2c_dma_abort) referenced from gr55xx_hal_i2c_patch.o(i.i2c_it_error)
 <LI><a href="#[142]">i2c_prepare_for_sleep</a> from app_i2c.o(i.i2c_prepare_for_sleep) referenced from app_i2c.o(.constdata)
 <LI><a href="#[da]">i2c_slave_isr_it</a> from gr55xx_hal_i2c_patch.o(i.i2c_slave_isr_it) referenced from gr55xx_hal_i2c_patch.o(i.i2c_it_error)
 <LI><a href="#[143]">i2c_sleep_canceled</a> from app_i2c.o(i.i2c_sleep_canceled) referenced from app_i2c.o(.constdata)
 <LI><a href="#[144]">i2c_wake_up_ind</a> from app_i2c.o(RAM_CODE) referenced from app_i2c.o(.constdata)
 <LI><a href="#[ab]">isspace</a> from isspace_c.o(.text) referenced from scanf_char.o(.text)
 <LI><a href="#[14c]">ke_task_schedule_patch</a> from ke_task_patch.o(i.ke_task_schedule_patch) referenced from fpb_patch_init.o(.constdata)
 <LI><a href="#[23]">l2cc_pdu_recv_ind_handler_patch</a> from gattc_task_patch.o(i.l2cc_pdu_recv_ind_handler_patch) referenced 2 times from platform_gr55xx.o(.data)
 <LI><a href="#[db]">l2cm_l2cap_tx_handler_patch</a> from l2cm_patch.o(i.l2cm_l2cap_tx_handler_patch) referenced from l2cm_patch.o(i.l2cm_l2cap_tx_handler_replace)
 <LI><a href="#[e7]">ll_channel_map_ind_handler_patch</a> from llc_chmap_upd_patch.o(i.ll_channel_map_ind_handler_patch) referenced from llc_llcp_patch.o(i.llcp_pdu_handler_tab_replace)
 <LI><a href="#[e9]">ll_connection_param_req_handler_patch</a> from llc_con_upd_patch.o(i.ll_connection_param_req_handler_patch) referenced from llc_llcp_patch.o(i.llcp_pdu_handler_tab_replace)
 <LI><a href="#[e8]">ll_connection_update_ind_handler_patch</a> from llc_con_upd_patch.o(i.ll_connection_update_ind_handler_patch) referenced from llc_llcp_patch.o(i.llcp_pdu_handler_tab_replace)
 <LI><a href="#[ea]">ll_phy_req_handler_patch</a> from llc_phy_upd_patch.o(i.ll_phy_req_handler_patch) referenced from llc_llcp_patch.o(i.llcp_pdu_handler_tab_replace)
 <LI><a href="#[2d]">llc_auth_payl_nearly_to_handler_patch</a> from llc_le_ping_patch.o(i.llc_auth_payl_nearly_to_handler_patch) referenced 2 times from platform_gr55xx.o(.data)
 <LI><a href="#[2e]">llc_auth_payl_real_to_handler_patch</a> from llc_le_ping_patch.o(i.llc_auth_payl_real_to_handler_patch) referenced 2 times from platform_gr55xx.o(.data)
 <LI><a href="#[dc]">llc_ch_map_up_proc_err_cb</a> from rom_symbol.txt(ABSOLUTE) referenced from llc_chmap_upd_patch.o(i.ll_channel_map_ind_handler_patch)
 <LI><a href="#[21]">llc_hci_command_handler_patch</a> from llc_hci_patch.o(i.llc_hci_command_handler_patch) referenced 2 times from platform_gr55xx.o(.data)
 <LI><a href="#[e5]">llc_ll_enc_rsp_ack_handler</a> from rom_symbol.txt(ABSOLUTE) referenced from llc_encrypt_patch.o(i.llc_rem_encrypt_proc_continue_patch)
 <LI><a href="#[e4]">llc_ll_reject_ind_ack_handler</a> from rom_symbol.txt(ABSOLUTE) referenced from llc_encrypt_patch.o(i.llc_rem_encrypt_proc_continue_patch)
 <LI><a href="#[e6]">llc_ll_start_enc_rsp_ack_handler</a> from rom_symbol.txt(ABSOLUTE) referenced from llc_encrypt_patch.o(i.llc_rem_encrypt_proc_continue_patch)
 <LI><a href="#[d6]">llc_loc_con_upd_proc_err_cb</a> from rom_symbol.txt(ABSOLUTE) referenced from llc_con_upd_patch.o(i.hci_le_con_upd_cmd_handler_patch)
 <LI><a href="#[d6]">llc_loc_con_upd_proc_err_cb</a> from rom_symbol.txt(ABSOLUTE) referenced from llc_con_upd_patch.o(i.llc_rem_con_upd_proc_continue_patch)
 <LI><a href="#[24]">llc_loc_llcp_rsp_to_handler_patch</a> from llc_task_patch.o(i.llc_loc_llcp_rsp_to_handler_patch) referenced 2 times from platform_gr55xx.o(.data)
 <LI><a href="#[2f]">llc_op_dl_upd_ind_handler_patch</a> from llc_dl_upd_patch.o(i.llc_op_dl_upd_ind_handler_patch) referenced 2 times from platform_gr55xx.o(.data)
 <LI><a href="#[df]">llc_pref_param_compute_func_patch</a> from llc_con_upd_patch.o(i.llc_pref_param_compute_func_patch) referenced from llc_con_upd_patch.o(i.llc_con_upd_replace)
 <LI><a href="#[e0]">llc_rem_con_upd_proc_continue_patch</a> from llc_con_upd_patch.o(i.llc_rem_con_upd_proc_continue_patch) referenced from llc_con_upd_patch.o(i.llc_con_upd_replace)
 <LI><a href="#[dd]">llc_rem_con_upd_proc_err_cb</a> from rom_symbol.txt(ABSOLUTE) referenced from llc_con_upd_patch.o(i.ll_connection_param_req_handler_patch)
 <LI><a href="#[dd]">llc_rem_con_upd_proc_err_cb</a> from rom_symbol.txt(ABSOLUTE) referenced from llc_con_upd_patch.o(i.ll_connection_update_ind_handler_patch)
 <LI><a href="#[e1]">llc_rem_encrypt_proc_continue_patch</a> from llc_encrypt_patch.o(i.llc_rem_encrypt_proc_continue_patch) referenced from llc_encrypt_patch.o(i.llc_encrypt_replace)
 <LI><a href="#[25]">llc_rem_llcp_rsp_to_handler_patch</a> from llc_task_patch.o(i.llc_rem_llcp_rsp_to_handler_patch) referenced 2 times from platform_gr55xx.o(.data)
 <LI><a href="#[de]">llc_rem_phy_upd_proc_err_cb</a> from rom_symbol.txt(ABSOLUTE) referenced from llc_phy_upd_patch.o(i.ll_phy_req_handler_patch)
 <LI><a href="#[28]">lld_acl_rx_ind_handler_patch</a> from llc_task_patch.o(i.lld_acl_rx_ind_handler_patch) referenced 2 times from platform_gr55xx.o(.data)
 <LI><a href="#[eb]">lld_adv_frm_cbk_func_patch</a> from lld_adv_patch.o(i.lld_adv_frm_cbk_func_patch) referenced from lld_adv_patch.o(i.lld_adv_replace)
 <LI><a href="#[f7]">lld_adv_start_func_patch</a> from lld_scan_patch.o(i.lld_adv_start_func_patch) referenced from lld_scan_patch.o(i.lld_scan_frm_cbk_replace)
 <LI><a href="#[15c]">lld_bi_frm_cbk</a> from rom_symbol.txt(ABSOLUTE) referenced from sch_prog_patch.o(RAM_CODE)
 <LI><a href="#[2a]">lld_ch_map_upd_cfm_handler_patch</a> from llc_chmap_upd_patch.o(i.lld_ch_map_upd_cfm_handler_patch) referenced 2 times from platform_gr55xx.o(.data)
 <LI><a href="#[15d]">lld_ci_frm_cbk</a> from rom_symbol.txt(ABSOLUTE) referenced from sch_prog_patch.o(RAM_CODE)
 <LI><a href="#[f0]">lld_con_evt_start_cbk_patch</a> from lld_con_patch.o(RAM_CODE) referenced from lld_con_patch.o(i.lld_con_start_patch)
 <LI><a href="#[ee]">lld_con_frm_cbk_patch</a> from lld_con_patch.o(RAM_CODE) referenced from lld_con_patch.o(i.lld_con_replace)
 <LI><a href="#[2c]">lld_con_offset_upd_ind_handler_patch</a> from llc_con_upd_patch.o(i.lld_con_offset_upd_ind_handler_patch) referenced 2 times from platform_gr55xx.o(.data)
 <LI><a href="#[29]">lld_con_param_upd_cfm_handler_patch</a> from llc_con_upd_patch.o(i.lld_con_param_upd_cfm_handler_patch) referenced 2 times from platform_gr55xx.o(.data)
 <LI><a href="#[ec]">lld_con_sched_patch</a> from lld_con_patch.o(RAM_CODE) referenced from lld_con_patch.o(i.lld_con_replace)
 <LI><a href="#[ed]">lld_con_start_patch</a> from lld_con_patch.o(i.lld_con_start_patch) referenced from lld_con_patch.o(i.lld_con_replace)
 <LI><a href="#[ef]">lld_con_tx_prog_patch</a> from lld_con_patch.o(i.lld_con_tx_prog_patch) referenced from lld_con_patch.o(i.lld_con_replace)
 <LI><a href="#[f2]">lld_init_evt_canceled_cbk</a> from rom_symbol.txt(ABSOLUTE) referenced from lld_init_patch.o(i.lld_init_start_patch)
 <LI><a href="#[f3]">lld_init_evt_start_cbk_patch</a> from lld_init_patch.o(RAM_CODE) referenced from lld_init_patch.o(i.lld_init_start_patch)
 <LI><a href="#[f1]">lld_init_patch</a> from lld_patch.o(i.lld_init_patch) referenced from lld_patch.o(i.lld_init_replace)
 <LI><a href="#[f4]">lld_init_start_patch</a> from lld_init_patch.o(i.lld_init_start_patch) referenced from lld_init_patch.o(i.lld_init_start_replace)
 <LI><a href="#[26]">lld_llcp_rx_ind_handler_patch</a> from llc_llcp_patch.o(i.lld_llcp_rx_ind_handler_patch) referenced 2 times from platform_gr55xx.o(.data)
 <LI><a href="#[27]">lld_llcp_tx_cfm_handler_patch</a> from llc_llcp_patch.o(i.lld_llcp_tx_cfm_handler_patch) referenced 2 times from platform_gr55xx.o(.data)
 <LI><a href="#[2b]">lld_phy_upd_cfm_handler_patch</a> from llc_phy_upd_patch.o(i.lld_phy_upd_cfm_handler_patch) referenced 2 times from platform_gr55xx.o(.data)
 <LI><a href="#[f8]">lld_scan_evt_start_cbk_patch</a> from lld_scan_patch.o(RAM_CODE) referenced from lld_scan_patch.o(i.lld_scan_start_func_patch)
 <LI><a href="#[f5]">lld_scan_frm_cbk_func_patch</a> from lld_scan_patch.o(RAM_CODE) referenced from lld_scan_patch.o(i.lld_scan_frm_cbk_replace)
 <LI><a href="#[f6]">lld_scan_start_func_patch</a> from lld_scan_patch.o(i.lld_scan_start_func_patch) referenced from lld_scan_patch.o(i.lld_scan_frm_cbk_replace)
 <LI><a href="#[15e]">lld_supervision_to_cb</a> from rom_symbol.txt(ABSOLUTE) referenced from lld_con_patch.o(RAM_CODE)
 <LI><a href="#[15b]">lld_test_frm_cbk</a> from rom_symbol.txt(ABSOLUTE) referenced from sch_prog_patch.o(RAM_CODE)
 <LI><a href="#[20]">llm_hci_command_handler_patch</a> from llm_hci_patch.o(i.llm_hci_command_handler_patch) referenced 2 times from platform_gr55xx.o(.data)
 <LI><a href="#[15a]">lp_cali_watch_alarm_cb</a> from sch_prog_patch.o(RAM_CODE) referenced from sch_prog_patch.o(RAM_CODE)
 <LI><a href="#[a4]">main</a> from platform_gr55xx.o(i.$Sub$$main) referenced from entry9a.o(.ARM.Collect$$$$0000000B)
 <LI><a href="#[a7]">main_init</a> from system_gr55xx.o(i.main_init) referenced from startup_gr55xx.o(.text)
 <LI><a href="#[fc]">maxeye_aging_event_handler</a> from maxeye_product_test.o(i.maxeye_aging_event_handler) referenced from maxeye_product_test.o(i.maxeye_aging_event_register)
 <LI><a href="#[fd]">maxeye_charge_int_callback</a> from maxeye_io_it.o(i.maxeye_charge_int_callback) referenced from maxeye_io_it.o(i.maxeye_charge_int_cfg)
 <LI><a href="#[ff]">maxeye_g_int_callback</a> from maxeye_io_it.o(i.maxeye_g_int_callback) referenced from maxeye_io_it.o(i.maxeye_g_int_cfg)
 <LI><a href="#[100]">maxeye_meter_int_callback</a> from maxeye_io_it.o(i.maxeye_meter_int_callback) referenced from maxeye_io_it.o(i.maxeye_meter_int_cfg)
 <LI><a href="#[110]">maxeye_pcba_event_handler</a> from maxeye_product_test.o(i.maxeye_pcba_event_handler) referenced from maxeye_product_test.o(i.qfy_maxeye_pcba_event_register)
 <LI><a href="#[101]">maxeye_srv_event_handler</a> from maxeye_notify.o(i.maxeye_srv_event_handler) referenced from maxeye_notify.o(i.maxeye_srv_event_register)
 <LI><a href="#[a]">maxeye_srvc1_cccd_set_cb</a> from maxeye_18092d_services.o(i.maxeye_srvc1_cccd_set_cb) referenced 2 times from maxeye_18092d_services.o(.data)
 <LI><a href="#[6]">maxeye_srvc1_db_create</a> from maxeye_18092d_services.o(i.maxeye_srvc1_db_create) referenced 2 times from maxeye_18092d_services.o(.data)
 <LI><a href="#[f9]">maxeye_srvc1_event_handler</a> from maxeye_18092d_services.o(i.maxeye_srvc1_event_handler) referenced from maxeye_18092d_services.o(i.maxeye_18092D_srvc_init)
 <LI><a href="#[9]">maxeye_srvc1_ntf_ind_cb</a> from maxeye_18092d_services.o(i.maxeye_srvc1_ntf_ind_cb) referenced 2 times from maxeye_18092d_services.o(.data)
 <LI><a href="#[7]">maxeye_srvc1_read_att_cb</a> from maxeye_18092d_services.o(i.maxeye_srvc1_read_att_cb) referenced 2 times from maxeye_18092d_services.o(.data)
 <LI><a href="#[8]">maxeye_srvc1_write_att_cb</a> from maxeye_18092d_services.o(i.maxeye_srvc1_write_att_cb) referenced 2 times from maxeye_18092d_services.o(.data)
 <LI><a href="#[f]">maxeye_srvc2_cccd_set_cb</a> from maxeye_180933_services.o(i.maxeye_srvc2_cccd_set_cb) referenced 2 times from maxeye_180933_services.o(.data)
 <LI><a href="#[b]">maxeye_srvc2_db_create</a> from maxeye_180933_services.o(i.maxeye_srvc2_db_create) referenced 2 times from maxeye_180933_services.o(.data)
 <LI><a href="#[fa]">maxeye_srvc2_event_handler</a> from maxeye_180933_services.o(i.maxeye_srvc2_event_handler) referenced from maxeye_180933_services.o(i.maxeye_180933_srvc_init)
 <LI><a href="#[e]">maxeye_srvc2_ntf_ind_cb</a> from maxeye_180933_services.o(i.maxeye_srvc2_ntf_ind_cb) referenced 2 times from maxeye_180933_services.o(.data)
 <LI><a href="#[c]">maxeye_srvc2_read_att_cb</a> from maxeye_180933_services.o(i.maxeye_srvc2_read_att_cb) referenced 2 times from maxeye_180933_services.o(.data)
 <LI><a href="#[d]">maxeye_srvc2_write_att_cb</a> from maxeye_180933_services.o(i.maxeye_srvc2_write_att_cb) referenced 2 times from maxeye_180933_services.o(.data)
 <LI><a href="#[14]">maxeye_srvc3_cccd_set_cb</a> from maxeye_540500_services.o(i.maxeye_srvc3_cccd_set_cb) referenced 2 times from maxeye_540500_services.o(.data)
 <LI><a href="#[10]">maxeye_srvc3_db_create</a> from maxeye_540500_services.o(i.maxeye_srvc3_db_create) referenced 2 times from maxeye_540500_services.o(.data)
 <LI><a href="#[fb]">maxeye_srvc3_event_handler</a> from maxeye_540500_services.o(i.maxeye_srvc3_event_handler) referenced from maxeye_540500_services.o(i.maxeye_540500_srvc_init)
 <LI><a href="#[13]">maxeye_srvc3_ntf_ind_cb</a> from maxeye_540500_services.o(i.maxeye_srvc3_ntf_ind_cb) referenced 2 times from maxeye_540500_services.o(.data)
 <LI><a href="#[11]">maxeye_srvc3_read_att_cb</a> from maxeye_540500_services.o(i.maxeye_srvc3_read_att_cb) referenced 2 times from maxeye_540500_services.o(.data)
 <LI><a href="#[12]">maxeye_srvc3_write_att_cb</a> from maxeye_540500_services.o(i.maxeye_srvc3_write_att_cb) referenced 2 times from maxeye_540500_services.o(.data)
 <LI><a href="#[111]">maxeye_time1s_event_handler</a> from maxeye_product_test.o(i.maxeye_time1s_event_handler) referenced from maxeye_product_test.o(i.qfy_maxeye_time1s_event_register)
 <LI><a href="#[102]">maxeye_touch_int_callback</a> from maxeye_io_it.o(i.maxeye_touch_int_callback) referenced from maxeye_io_it.o(i.maxeye_touch_int_cfg)
 <LI><a href="#[104]">maxeye_wdt_event_handler</a> from maxeye_wdt.o(i.maxeye_wdt_event_handler) referenced from maxeye_wdt.o(i.maxeye_wdt_event_register)
 <LI><a href="#[125]">maxeye_wlc_init_proc</a> from maxeye_wlc.o(i.maxeye_wlc_init_proc) referenced from maxeye_wlc.o(i.start_wlc_init)
 <LI><a href="#[105]">maxeye_wlc_int_callback</a> from maxeye_io_it.o(i.maxeye_wlc_int_callback) referenced from maxeye_io_it.o(i.maxeye_wlc_int_cfg)
 <LI><a href="#[106]">mcu_init_event_handler</a> from maxeye_mcu_stylus.o(i.mcu_init_event_handler) referenced from maxeye_mcu_stylus.o(i.mcu_init_event_register)
 <LI><a href="#[107]">mcu_upgrade_event_handler</a> from maxeye_mcu_stylus.o(i.mcu_upgrade_event_handler) referenced from maxeye_mcu_stylus.o(i.mcu_upgrade_event_register)
 <LI><a href="#[77]">otas_cccd_set_cb</a> from otas.o(i.otas_cccd_set_cb) referenced 2 times from otas.o(.data)
 <LI><a href="#[cb]">otas_evt_process</a> from dfu_port.o(i.otas_evt_process) referenced from dfu_port.o(i.dfu_service_init)
 <LI><a href="#[76]">otas_gatts_cmpl_cb</a> from otas.o(i.otas_gatts_cmpl_cb) referenced 2 times from otas.o(.data)
 <LI><a href="#[73]">otas_init</a> from otas.o(i.otas_init) referenced 2 times from otas.o(.data)
 <LI><a href="#[74]">otas_read_att_cb</a> from otas.o(i.otas_read_att_cb) referenced 2 times from otas.o(.data)
 <LI><a href="#[75]">otas_write_att_cb</a> from otas.o(i.otas_write_att_cb) referenced 2 times from otas.o(.data)
 <LI><a href="#[126]">pmu_calibration</a> from pmu_calibration.o(i.pmu_calibration) referenced from pmu_calibration.o(i.system_pmu_calibration_init)
 <LI><a href="#[ca]">program_end_replace</a> from dfu_port.o(i.program_end_replace) referenced from dfu_port.o(i.dfu_port_init)
 <LI><a href="#[10f]">pwr_enter_sleep_check</a> from app_pwr_mgmt.o(i.pwr_enter_sleep_check) referenced from app_pwr_mgmt.o(i.pwr_register_sleep_cb)
 <LI><a href="#[10d]">pwr_mgmt_shutdown_patch</a> from sdk_pwr_mgmt_patch.o(TINY_RAM_SPACE) referenced from sdk_pwr_mgmt_patch.o(i.pwr_mgmt_shutdown_replace)
 <LI><a href="#[10e]">pwr_wake_up_ind</a> from app_pwr_mgmt.o(RAM_CODE) referenced from app_pwr_mgmt.o(i.pwr_register_sleep_cb)
 <LI><a href="#[103]">qfy_maxeye_mcu_int_callback</a> from maxeye_gpio.o(i.qfy_maxeye_mcu_int_callback) referenced from maxeye_gpio.o(i.maxeye_wakeup_ble_pin_cfg)
 <LI><a href="#[112]">rf_init_patch</a> from rf_gdx_patch.o(i.rf_init_patch) referenced from rf_gdx_patch.o(i.rf_gdx_replace)
 <LI><a href="#[c5]">rf_recalibrate</a> from rom_symbol.txt(ABSOLUTE) referenced from system_sdk_patch.o(i.ble_stack_init)
 <LI><a href="#[115]">rf_txpwr_cs_get_patch</a> from rf_gdx_patch.o(i.rf_txpwr_cs_get_patch) referenced from rf_gdx_patch.o(i.rf_init_patch)
 <LI><a href="#[114]">rf_txpwr_dbm_get_patch</a> from rf_gdx_patch.o(i.rf_txpwr_dbm_get_patch) referenced from rf_gdx_patch.o(i.rf_init_patch)
 <LI><a href="#[113]">rf_wakeup_init_patch</a> from rf_gdx_patch.o(RAM_CODE) referenced from rf_gdx_patch.o(i.rf_gdx_replace)
 <LI><a href="#[116]">rom_callback_patch</a> from rwip_sleep_common.o(RAM_CODE) referenced from rwip_sleep_common.o(i.rom_callback_replace)
 <LI><a href="#[be]">rwip_us_2_lpcycles</a> from rom_symbol.txt(ABSOLUTE) referenced from system_sdk_patch.o(i.ble_stack_init)
 <LI><a href="#[11f]">sch_arb_event_start_isr_patch</a> from sch_arb_patch.o(RAM_CODE) referenced from sch_arb_patch.o(i.sch_arb_replace)
 <LI><a href="#[11e]">sch_arb_insert_patch</a> from sch_arb_patch.o(RAM_CODE) referenced from sch_arb_patch.o(i.sch_arb_replace)
 <LI><a href="#[121]">sch_prog_activity_isr_patch</a> from sch_prog_patch.o(RAM_CODE) referenced from sch_prog_patch.o(i.sch_prog_frm_cbk_replace)
 <LI><a href="#[36]">sec_rcv_encrypt_req_ind_handler_patch</a> from ble_sdk_sec_patch.o(i.sec_rcv_encrypt_req_ind_handler_patch) referenced 2 times from platform_gr55xx.o(.data)
 <LI><a href="#[34]">sec_rcv_sec_req_ind_handler_patch</a> from ble_sdk_sec_patch.o(i.sec_rcv_sec_req_ind_handler_patch) referenced 2 times from platform_gr55xx.o(.data)
 <LI><a href="#[a5]">set_msp</a> from system_gr55xx.o(i.set_msp) referenced from startup_gr55xx.o(.text)
 <LI><a href="#[c1]">set_sdk_schedule_event</a> from rom_symbol.txt(ABSOLUTE) referenced from system_sdk_patch.o(i.ble_stack_init)
 <LI><a href="#[124]">smpc_handle_enc_change_evt_func_patch</a> from smpc_patch.o(i.smpc_handle_enc_change_evt_func_patch) referenced from smpc_patch.o(i.smpc_handle_enc_change_evt_func_replace)
 <LI><a href="#[10a]">sys_context_restore_func</a> from platform_sys_context.o(RAM_CODE) referenced from platform_sdk.o(i.platform_sdk_init)
 <LI><a href="#[109]">sys_context_save_func</a> from platform_sys_context.o(RAM_CODE) referenced from platform_sdk.o(i.platform_sdk_init)
 <LI><a href="#[13f]">systick_prepare_for_sleep</a> from app_systick.o(i.systick_prepare_for_sleep) referenced from app_systick.o(.constdata)
 <LI><a href="#[140]">systick_sleep_canceled</a> from app_systick.o(i.systick_sleep_canceled) referenced from app_systick.o(.constdata)
 <LI><a href="#[141]">systick_wake_up_ind</a> from app_systick.o(RAM_CODE) referenced from app_systick.o(.constdata)
 <LI><a href="#[145]">tim_prepare_for_sleep</a> from app_tim.o(i.tim_prepare_for_sleep) referenced from app_tim.o(.constdata)
 <LI><a href="#[146]">tim_sleep_canceled</a> from app_tim.o(i.tim_sleep_canceled) referenced from app_tim.o(.constdata)
 <LI><a href="#[147]">tim_wake_up_ind</a> from app_tim.o(RAM_CODE) referenced from app_tim.o(.constdata)
 <LI><a href="#[128]">touch_init_event_handler</a> from maxeye_touch.o(i.touch_init_event_handler) referenced from maxeye_touch.o(i.touch_init_event_register)
 <LI><a href="#[129]">touch_int_event_handler</a> from maxeye_touch.o(i.touch_int_event_handler) referenced from maxeye_touch.o(i.touch_int_event_register)
 <LI><a href="#[12a]">touch_upgrade_event_handler</a> from maxeye_touch.o(i.touch_upgrade_event_handler) referenced from maxeye_touch.o(i.touch_upgrade_event_register)
 <LI><a href="#[13c]">uart_prepare_for_sleep</a> from app_uart.o(i.uart_prepare_for_sleep) referenced from app_uart.o(.constdata)
 <LI><a href="#[13d]">uart_sleep_canceled</a> from app_uart.o(i.uart_sleep_canceled) referenced from app_uart.o(.constdata)
 <LI><a href="#[13e]">uart_wake_up_ind</a> from app_uart.o(RAM_CODE) referenced from app_uart.o(.constdata)
 <LI><a href="#[10b]">ultra_wfi</a> from rom_symbol.txt(ABSOLUTE) referenced from platform_sdk.o(i.platform_sdk_init)
 <LI><a href="#[12c]">wlc_ask_task_handler</a> from maxeye_wlc.o(i.wlc_ask_task_handler) referenced from maxeye_wlc.o(i.wlc_prop_event_register)
 <LI><a href="#[12b]">wlc_int_event_handler</a> from maxeye_wlc.o(i.wlc_int_event_handler) referenced from maxeye_wlc.o(i.wlc_int_event_register)
</UL>
<P>
<H3>
Global Symbols
</H3>
<P><STRONG><a name="[5a4]"></a>bl1_srand</STRONG> (Thumb, 0 bytes, Stack size 0 bytes, rom_symbol.txt(ABSOLUTE))
<BR><BR>[Called By]<UL><LI><a href="#[2de]">&gt;&gt;</a>&nbsp;&nbsp;&nbsp;rand_seed_gen (via Veneer)
</UL>

<P><STRONG><a name="[189]"></a>assert_err</STRONG> (Thumb, 0 bytes, Stack size 0 bytes, rom_symbol.txt(ABSOLUTE))
<BR><BR>[Called By]<UL><LI><a href="#[3f]">&gt;&gt;</a>&nbsp;&nbsp;&nbsp;hci_le_ext_create_con_cmd_handler_patch (via Veneer)
<LI><a href="#[d3]">&gt;&gt;</a>&nbsp;&nbsp;&nbsp;gapm_init_connection_ind_func_patch (via Veneer)
<LI><a href="#[df]">&gt;&gt;</a>&nbsp;&nbsp;&nbsp;llc_pref_param_compute_func_patch (via Veneer)
<LI><a href="#[14c]">&gt;&gt;</a>&nbsp;&nbsp;&nbsp;ke_task_schedule_patch (via Veneer)
<LI><a href="#[148]">&gt;&gt;</a>&nbsp;&nbsp;&nbsp;hci_send_2_controller_patch (via Veneer)
<LI><a href="#[bc]">&gt;&gt;</a>&nbsp;&nbsp;&nbsp;gap_init_fsm_next_func_patch (via Veneer)
<LI><a href="#[119]">&gt;&gt;</a>&nbsp;&nbsp;&nbsp;BLESLEEP_IRQHandler_patch
<LI><a href="#[66e]">&gt;&gt;</a>&nbsp;&nbsp;&nbsp;ble_rwip_wakeup_patch
<LI><a href="#[188]">&gt;&gt;</a>&nbsp;&nbsp;&nbsp;BLESLP_Handler_without_stack_init (via Veneer)
<LI><a href="#[ef]">&gt;&gt;</a>&nbsp;&nbsp;&nbsp;lld_con_tx_prog_patch (via Veneer)
<LI><a href="#[f0]">&gt;&gt;</a>&nbsp;&nbsp;&nbsp;lld_con_evt_start_cbk_patch
<LI><a href="#[f6]">&gt;&gt;</a>&nbsp;&nbsp;&nbsp;lld_scan_start_func_patch (via Veneer)
<LI><a href="#[f7]">&gt;&gt;</a>&nbsp;&nbsp;&nbsp;lld_adv_start_func_patch (via Veneer)
<LI><a href="#[64d]">&gt;&gt;</a>&nbsp;&nbsp;&nbsp;lld_scan_frm_rx_isr_patch
<LI><a href="#[647]">&gt;&gt;</a>&nbsp;&nbsp;&nbsp;lld_scan_process_pkt_rx_patch
<LI><a href="#[294]">&gt;&gt;</a>&nbsp;&nbsp;&nbsp;rwble_reset_recovery (via Veneer)
<LI><a href="#[11f]">&gt;&gt;</a>&nbsp;&nbsp;&nbsp;sch_arb_event_start_isr_patch
<LI><a href="#[489]">&gt;&gt;</a>&nbsp;&nbsp;&nbsp;lld_adv_frm_isr_patch (via Veneer)
<LI><a href="#[f4]">&gt;&gt;</a>&nbsp;&nbsp;&nbsp;lld_init_start_patch (via Veneer)
<LI><a href="#[f3]">&gt;&gt;</a>&nbsp;&nbsp;&nbsp;lld_init_evt_start_cbk_patch
<LI><a href="#[124]">&gt;&gt;</a>&nbsp;&nbsp;&nbsp;smpc_handle_enc_change_evt_func_patch (via Veneer)
</UL>

<P><STRONG><a name="[413]"></a>assert_param</STRONG> (Thumb, 0 bytes, Stack size 0 bytes, rom_symbol.txt(ABSOLUTE))
<BR><BR>[Called By]<UL><LI><a href="#[30]">&gt;&gt;</a>&nbsp;&nbsp;&nbsp;hci_nb_cmp_pkts_evt_handler_patch (via Veneer)
<LI><a href="#[3f]">&gt;&gt;</a>&nbsp;&nbsp;&nbsp;hci_le_ext_create_con_cmd_handler_patch (via Veneer)
<LI><a href="#[e0]">&gt;&gt;</a>&nbsp;&nbsp;&nbsp;llc_rem_con_upd_proc_continue_patch (via Veneer)
<LI><a href="#[14c]">&gt;&gt;</a>&nbsp;&nbsp;&nbsp;ke_task_schedule_patch (via Veneer)
<LI><a href="#[f5]">&gt;&gt;</a>&nbsp;&nbsp;&nbsp;lld_scan_frm_cbk_func_patch
<LI><a href="#[64e]">&gt;&gt;</a>&nbsp;&nbsp;&nbsp;lld_scan_frm_eof_isr_patch
<LI><a href="#[e1]">&gt;&gt;</a>&nbsp;&nbsp;&nbsp;llc_rem_encrypt_proc_continue_patch (via Veneer)
<LI><a href="#[489]">&gt;&gt;</a>&nbsp;&nbsp;&nbsp;lld_adv_frm_isr_patch (via Veneer)
<LI><a href="#[eb]">&gt;&gt;</a>&nbsp;&nbsp;&nbsp;lld_adv_frm_cbk_func_patch (via Veneer)
<LI><a href="#[693]">&gt;&gt;</a>&nbsp;&nbsp;&nbsp;rwble_isr_patch
</UL>

<P><STRONG><a name="[427]"></a>assert_warn</STRONG> (Thumb, 0 bytes, Stack size 0 bytes, rom_symbol.txt(ABSOLUTE))
<BR><BR>[Called By]<UL><LI><a href="#[e0]">&gt;&gt;</a>&nbsp;&nbsp;&nbsp;llc_rem_con_upd_proc_continue_patch (via Veneer)
<LI><a href="#[14c]">&gt;&gt;</a>&nbsp;&nbsp;&nbsp;ke_task_schedule_patch (via Veneer)
<LI><a href="#[148]">&gt;&gt;</a>&nbsp;&nbsp;&nbsp;hci_send_2_controller_patch (via Veneer)
</UL>

<P><STRONG><a name="[44c]"></a>attc_l2cc_pdu_recv_handler</STRONG> (Thumb, 0 bytes, Stack size 0 bytes, rom_symbol.txt(ABSOLUTE))
<BR><BR>[Called By]<UL><LI><a href="#[23]">&gt;&gt;</a>&nbsp;&nbsp;&nbsp;l2cc_pdu_recv_ind_handler_patch (via Veneer)
</UL>

<P><STRONG><a name="[24d]"></a>attmdb_get_attribute</STRONG> (Thumb, 0 bytes, Stack size 0 bytes, rom_symbol.txt(ABSOLUTE))
<BR><BR>[Called By]<UL><LI><a href="#[24c]">&gt;&gt;</a>&nbsp;&nbsp;&nbsp;attm_update_max_len (via Veneer)
</UL>

<P><STRONG><a name="[24e]"></a>attmdb_uuid16_comp</STRONG> (Thumb, 0 bytes, Stack size 0 bytes, rom_symbol.txt(ABSOLUTE))
<BR><BR>[Called By]<UL><LI><a href="#[24c]">&gt;&gt;</a>&nbsp;&nbsp;&nbsp;attm_update_max_len (via Veneer)
</UL>

<P><STRONG><a name="[259]"></a>atts_clear_read_cache</STRONG> (Thumb, 0 bytes, Stack size 0 bytes, rom_symbol.txt(ABSOLUTE))
<BR><BR>[Called By]<UL><LI><a href="#[154]">&gt;&gt;</a>&nbsp;&nbsp;&nbsp;atts_read_mult_req_patch (via Veneer)
</UL>

<P><STRONG><a name="[159]"></a>atts_execute_write_req</STRONG> (Thumb, 0 bytes, Stack size 0 bytes, rom_symbol.txt(ABSOLUTE), UNUSED)
<BR>[Address Reference Count : 1]<UL><LI> atts_patch.o(.constdata)
</UL>
<P><STRONG><a name="[14f]"></a>atts_find_by_type_req</STRONG> (Thumb, 0 bytes, Stack size 0 bytes, rom_symbol.txt(ABSOLUTE), UNUSED)
<BR>[Address Reference Count : 1]<UL><LI> atts_patch.o(.constdata)
</UL>
<P><STRONG><a name="[14e]"></a>atts_find_info_req</STRONG> (Thumb, 0 bytes, Stack size 0 bytes, rom_symbol.txt(ABSOLUTE), UNUSED)
<BR>[Address Reference Count : 1]<UL><LI> atts_patch.o(.constdata)
</UL>
<P><STRONG><a name="[256]"></a>atts_get_att_chk_perm</STRONG> (Thumb, 0 bytes, Stack size 0 bytes, rom_symbol.txt(ABSOLUTE))
<BR><BR>[Called By]<UL><LI><a href="#[154]">&gt;&gt;</a>&nbsp;&nbsp;&nbsp;atts_read_mult_req_patch (via Veneer)
</UL>

<P><STRONG><a name="[257]"></a>atts_get_value</STRONG> (Thumb, 0 bytes, Stack size 0 bytes, rom_symbol.txt(ABSOLUTE))
<BR><BR>[Called By]<UL><LI><a href="#[154]">&gt;&gt;</a>&nbsp;&nbsp;&nbsp;atts_read_mult_req_patch (via Veneer)
</UL>

<P><STRONG><a name="[250]"></a>atts_hdl_value_cfm</STRONG> (Thumb, 0 bytes, Stack size 0 bytes, rom_symbol.txt(ABSOLUTE))
<BR><BR>[Called By]<UL><LI><a href="#[24f]">&gt;&gt;</a>&nbsp;&nbsp;&nbsp;atts_l2cc_pdu_recv_handler_patch (via Veneer)
</UL>

<P><STRONG><a name="[14d]"></a>atts_mtu_exc_req</STRONG> (Thumb, 0 bytes, Stack size 0 bytes, rom_symbol.txt(ABSOLUTE), UNUSED)
<BR>[Address Reference Count : 1]<UL><LI> atts_patch.o(.constdata)
</UL>
<P><STRONG><a name="[158]"></a>atts_prepare_write_req</STRONG> (Thumb, 0 bytes, Stack size 0 bytes, rom_symbol.txt(ABSOLUTE), UNUSED)
<BR>[Address Reference Count : 1]<UL><LI> atts_patch.o(.constdata)
</UL>
<P><STRONG><a name="[253]"></a>atts_process_pdu</STRONG> (Thumb, 0 bytes, Stack size 0 bytes, rom_symbol.txt(ABSOLUTE))
<BR><BR>[Called By]<UL><LI><a href="#[24f]">&gt;&gt;</a>&nbsp;&nbsp;&nbsp;atts_l2cc_pdu_recv_handler_patch (via Veneer)
</UL>

<P><STRONG><a name="[153]"></a>atts_read_blob_req</STRONG> (Thumb, 0 bytes, Stack size 0 bytes, rom_symbol.txt(ABSOLUTE), UNUSED)
<BR>[Address Reference Count : 1]<UL><LI> atts_patch.o(.constdata)
</UL>
<P><STRONG><a name="[151]"></a>atts_read_by_grp_type_req</STRONG> (Thumb, 0 bytes, Stack size 0 bytes, rom_symbol.txt(ABSOLUTE), UNUSED)
<BR>[Address Reference Count : 1]<UL><LI> atts_patch.o(.constdata)
</UL>
<P><STRONG><a name="[150]"></a>atts_read_by_type_req</STRONG> (Thumb, 0 bytes, Stack size 0 bytes, rom_symbol.txt(ABSOLUTE), UNUSED)
<BR>[Address Reference Count : 1]<UL><LI> atts_patch.o(.constdata)
</UL>
<P><STRONG><a name="[152]"></a>atts_read_req</STRONG> (Thumb, 0 bytes, Stack size 0 bytes, rom_symbol.txt(ABSOLUTE), UNUSED)
<BR>[Address Reference Count : 1]<UL><LI> atts_patch.o(.constdata)
</UL>
<P><STRONG><a name="[25c]"></a>atts_send_error</STRONG> (Thumb, 0 bytes, Stack size 0 bytes, rom_symbol.txt(ABSOLUTE))
<BR><BR>[Called By]<UL><LI><a href="#[154]">&gt;&gt;</a>&nbsp;&nbsp;&nbsp;atts_read_mult_req_patch (via Veneer)
</UL>

<P><STRONG><a name="[25b]"></a>atts_send_pdu</STRONG> (Thumb, 0 bytes, Stack size 0 bytes, rom_symbol.txt(ABSOLUTE))
<BR><BR>[Called By]<UL><LI><a href="#[154]">&gt;&gt;</a>&nbsp;&nbsp;&nbsp;atts_read_mult_req_patch (via Veneer)
</UL>

<P><STRONG><a name="[155]"></a>atts_write_cmd</STRONG> (Thumb, 0 bytes, Stack size 0 bytes, rom_symbol.txt(ABSOLUTE), UNUSED)
<BR>[Address Reference Count : 1]<UL><LI> atts_patch.o(.constdata)
</UL>
<P><STRONG><a name="[156]"></a>atts_write_req</STRONG> (Thumb, 0 bytes, Stack size 0 bytes, rom_symbol.txt(ABSOLUTE), UNUSED)
<BR>[Address Reference Count : 1]<UL><LI> atts_patch.o(.constdata)
</UL>
<P><STRONG><a name="[157]"></a>atts_write_signed</STRONG> (Thumb, 0 bytes, Stack size 0 bytes, rom_symbol.txt(ABSOLUTE), UNUSED)
<BR>[Address Reference Count : 1]<UL><LI> atts_patch.o(.constdata)
</UL>
<P><STRONG><a name="[641]"></a>ble_get_role_and_cs_idx_from_et</STRONG> (Thumb, 0 bytes, Stack size 0 bytes, rom_symbol.txt(ABSOLUTE))
<BR><BR>[Called By]<UL><LI><a href="#[121]">&gt;&gt;</a>&nbsp;&nbsp;&nbsp;sch_prog_activity_isr_patch
</UL>

<P><STRONG><a name="[426]"></a>ble_util_buf_acl_tx_free</STRONG> (Thumb, 0 bytes, Stack size 0 bytes, rom_symbol.txt(ABSOLUTE))
<BR><BR>[Called By]<UL><LI><a href="#[148]">&gt;&gt;</a>&nbsp;&nbsp;&nbsp;hci_send_2_controller_patch (via Veneer)
</UL>

<P><STRONG><a name="[4a8]"></a>ble_util_buf_adv_tx_free</STRONG> (Thumb, 0 bytes, Stack size 0 bytes, rom_symbol.txt(ABSOLUTE))
<BR><BR>[Called By]<UL><LI><a href="#[490]">&gt;&gt;</a>&nbsp;&nbsp;&nbsp;lld_try_to_free_old_buffer (via Veneer)
</UL>

<P><STRONG><a name="[487]"></a>ble_util_buf_rx_free</STRONG> (Thumb, 0 bytes, Stack size 0 bytes, rom_symbol.txt(ABSOLUTE))
<BR><BR>[Called By]<UL><LI><a href="#[26]">&gt;&gt;</a>&nbsp;&nbsp;&nbsp;lld_llcp_rx_ind_handler_patch (via Veneer)
<LI><a href="#[28]">&gt;&gt;</a>&nbsp;&nbsp;&nbsp;lld_acl_rx_ind_handler_patch (via Veneer)
</UL>

<P><STRONG><a name="[410]"></a>co_bdaddr_compare</STRONG> (Thumb, 0 bytes, Stack size 0 bytes, rom_symbol.txt(ABSOLUTE))
<BR><BR>[Called By]<UL><LI><a href="#[41]">&gt;&gt;</a>&nbsp;&nbsp;&nbsp;hci_le_set_ext_scan_en_cmd_handler_patch (via Veneer)
<LI><a href="#[3f]">&gt;&gt;</a>&nbsp;&nbsp;&nbsp;hci_le_ext_create_con_cmd_handler_patch (via Veneer)
</UL>

<P><STRONG><a name="[4a6]"></a>co_list_extract</STRONG> (Thumb, 0 bytes, Stack size 0 bytes, rom_symbol.txt(ABSOLUTE))
<BR><BR>[Called By]<UL><LI><a href="#[49b]">&gt;&gt;</a>&nbsp;&nbsp;&nbsp;lld_scan_discard_last_rx_buff (via Veneer)
</UL>

<P><STRONG><a name="[4a5]"></a>co_list_find</STRONG> (Thumb, 0 bytes, Stack size 0 bytes, rom_symbol.txt(ABSOLUTE))
<BR><BR>[Called By]<UL><LI><a href="#[49b]">&gt;&gt;</a>&nbsp;&nbsp;&nbsp;lld_scan_discard_last_rx_buff (via Veneer)
<LI><a href="#[638]">&gt;&gt;</a>&nbsp;&nbsp;&nbsp;lp_cali_watch_alarm_start
</UL>

<P><STRONG><a name="[448]"></a>co_list_pop_front</STRONG> (Thumb, 0 bytes, Stack size 0 bytes, rom_symbol.txt(ABSOLUTE))
<BR><BR>[Called By]<UL><LI><a href="#[14c]">&gt;&gt;</a>&nbsp;&nbsp;&nbsp;ke_task_schedule_patch (via Veneer)
<LI><a href="#[11f]">&gt;&gt;</a>&nbsp;&nbsp;&nbsp;sch_arb_event_start_isr_patch
</UL>

<P><STRONG><a name="[252]"></a>co_list_push_back</STRONG> (Thumb, 0 bytes, Stack size 0 bytes, rom_symbol.txt(ABSOLUTE))
<BR><BR>[Called By]<UL><LI><a href="#[24f]">&gt;&gt;</a>&nbsp;&nbsp;&nbsp;atts_l2cc_pdu_recv_handler_patch (via Veneer)
<LI><a href="#[14c]">&gt;&gt;</a>&nbsp;&nbsp;&nbsp;ke_task_schedule_patch (via Veneer)
<LI><a href="#[154]">&gt;&gt;</a>&nbsp;&nbsp;&nbsp;atts_read_mult_req_patch (via Veneer)
<LI><a href="#[11f]">&gt;&gt;</a>&nbsp;&nbsp;&nbsp;sch_arb_event_start_isr_patch
</UL>

<P><STRONG><a name="[254]"></a>co_list_size</STRONG> (Thumb, 0 bytes, Stack size 0 bytes, rom_symbol.txt(ABSOLUTE))
<BR><BR>[Called By]<UL><LI><a href="#[154]">&gt;&gt;</a>&nbsp;&nbsp;&nbsp;atts_read_mult_req_patch (via Veneer)
</UL>

<P><STRONG><a name="[1c8]"></a>dbg_log_printf</STRONG> (Thumb, 0 bytes, Stack size 0 bytes, rom_symbol.txt(ABSOLUTE))
<BR><BR>[Called By]<UL><LI><a href="#[299]">&gt;&gt;</a>&nbsp;&nbsp;&nbsp;nvds_put (via Veneer)
<LI><a href="#[34]">&gt;&gt;</a>&nbsp;&nbsp;&nbsp;sec_rcv_sec_req_ind_handler_patch (via Veneer)
<LI><a href="#[36]">&gt;&gt;</a>&nbsp;&nbsp;&nbsp;sec_rcv_encrypt_req_ind_handler_patch (via Veneer)
<LI><a href="#[23]">&gt;&gt;</a>&nbsp;&nbsp;&nbsp;l2cc_pdu_recv_ind_handler_patch (via Veneer)
<LI><a href="#[33]">&gt;&gt;</a>&nbsp;&nbsp;&nbsp;gap_disconnect_ind_handler_patch (via Veneer)
<LI><a href="#[32]">&gt;&gt;</a>&nbsp;&nbsp;&nbsp;gap_connection_req_ind_handler_patch (via Veneer)
<LI><a href="#[35]">&gt;&gt;</a>&nbsp;&nbsp;&nbsp;gap_cmp_evt_handler_patch (via Veneer)
<LI><a href="#[1e]">&gt;&gt;</a>&nbsp;&nbsp;&nbsp;gap_activity_stopped_ind_handler_patch (via Veneer)
<LI><a href="#[38]">&gt;&gt;</a>&nbsp;&nbsp;&nbsp;ble_sdk_gatts_svc_changed_cfg_ind_handler_patch (via Veneer)
<LI><a href="#[24f]">&gt;&gt;</a>&nbsp;&nbsp;&nbsp;atts_l2cc_pdu_recv_handler_patch (via Veneer)
<LI><a href="#[2d8]">&gt;&gt;</a>&nbsp;&nbsp;&nbsp;gatt_find_item_patch (via Veneer)
<LI><a href="#[248]">&gt;&gt;</a>&nbsp;&nbsp;&nbsp;write_item (via Veneer)
<LI><a href="#[321]">&gt;&gt;</a>&nbsp;&nbsp;&nbsp;write_compacted_items (via Veneer)
<LI><a href="#[566]">&gt;&gt;</a>&nbsp;&nbsp;&nbsp;replace_item (via Veneer)
<LI><a href="#[247]">&gt;&gt;</a>&nbsp;&nbsp;&nbsp;compact_nvds (via Veneer)
<LI><a href="#[245]">&gt;&gt;</a>&nbsp;&nbsp;&nbsp;append_item (via Veneer)
<LI><a href="#[37f]">&gt;&gt;</a>&nbsp;&nbsp;&nbsp;gatt_on_connection_func_patch (via Veneer)
<LI><a href="#[388]">&gt;&gt;</a>&nbsp;&nbsp;&nbsp;init_ltk_list (via Veneer)
<LI><a href="#[bc]">&gt;&gt;</a>&nbsp;&nbsp;&nbsp;gap_init_fsm_next_func_patch (via Veneer)
<LI><a href="#[2db]">&gt;&gt;</a>&nbsp;&nbsp;&nbsp;sec_check_conn_bond_patch (via Veneer)
<LI><a href="#[1c6]">&gt;&gt;</a>&nbsp;&nbsp;&nbsp;add_ltk_item (via Veneer)
<LI><a href="#[d4]">&gt;&gt;</a>&nbsp;&nbsp;&nbsp;gatt_on_disconnection_func_patch (via Veneer)
<LI><a href="#[3b5]">&gt;&gt;</a>&nbsp;&nbsp;&nbsp;gatt_remove_item_patch (via Veneer)
<LI><a href="#[154]">&gt;&gt;</a>&nbsp;&nbsp;&nbsp;atts_read_mult_req_patch (via Veneer)
<LI><a href="#[123]">&gt;&gt;</a>&nbsp;&nbsp;&nbsp;gattc_write_req_ind_handler_patch (via Veneer)
<LI><a href="#[cf]">&gt;&gt;</a>&nbsp;&nbsp;&nbsp;gapm_adv_check_param_func_patch (via Veneer)
<LI><a href="#[124]">&gt;&gt;</a>&nbsp;&nbsp;&nbsp;smpc_handle_enc_change_evt_func_patch (via Veneer)
</UL>

<P><STRONG><a name="[613]"></a>exflash_check_id</STRONG> (Thumb, 0 bytes, Stack size 0 bytes, rom_symbol.txt(ABSOLUTE))
<BR><BR>[Called By]<UL><LI><a href="#[149]">&gt;&gt;</a>&nbsp;&nbsp;&nbsp;hal_exflash_write
<LI><a href="#[14a]">&gt;&gt;</a>&nbsp;&nbsp;&nbsp;hal_exflash_erase
<LI><a href="#[60f]">&gt;&gt;</a>&nbsp;&nbsp;&nbsp;hal_exflash_warm_init
<LI><a href="#[579]">&gt;&gt;</a>&nbsp;&nbsp;&nbsp;platform_exflash_enable_quad
</UL>

<P><STRONG><a name="[630]"></a>exflash_deepsleep</STRONG> (Thumb, 0 bytes, Stack size 0 bytes, rom_symbol.txt(ABSOLUTE))
<BR><BR>[Called By]<UL><LI><a href="#[149]">&gt;&gt;</a>&nbsp;&nbsp;&nbsp;hal_exflash_write
<LI><a href="#[14a]">&gt;&gt;</a>&nbsp;&nbsp;&nbsp;hal_exflash_erase
<LI><a href="#[660]">&gt;&gt;</a>&nbsp;&nbsp;&nbsp;hal_exflash_deepsleep_patch
<LI><a href="#[579]">&gt;&gt;</a>&nbsp;&nbsp;&nbsp;platform_exflash_enable_quad
</UL>

<P><STRONG><a name="[62a]"></a>exflash_enable_write</STRONG> (Thumb, 0 bytes, Stack size 0 bytes, rom_symbol.txt(ABSOLUTE))
<BR><BR>[Called By]<UL><LI><a href="#[62b]">&gt;&gt;</a>&nbsp;&nbsp;&nbsp;enable_quad_mode1
<LI><a href="#[629]">&gt;&gt;</a>&nbsp;&nbsp;&nbsp;enable_quad_mode2
</UL>

<P><STRONG><a name="[65e]"></a>exflash_erase_chip</STRONG> (Thumb, 0 bytes, Stack size 0 bytes, rom_symbol.txt(ABSOLUTE))
<BR><BR>[Called By]<UL><LI><a href="#[14a]">&gt;&gt;</a>&nbsp;&nbsp;&nbsp;hal_exflash_erase
</UL>

<P><STRONG><a name="[65f]"></a>exflash_erase_sector</STRONG> (Thumb, 0 bytes, Stack size 0 bytes, rom_symbol.txt(ABSOLUTE))
<BR><BR>[Called By]<UL><LI><a href="#[14a]">&gt;&gt;</a>&nbsp;&nbsp;&nbsp;hal_exflash_erase
</UL>

<P><STRONG><a name="[65d]"></a>exflash_page_program</STRONG> (Thumb, 0 bytes, Stack size 0 bytes, rom_symbol.txt(ABSOLUTE))
<BR><BR>[Called By]<UL><LI><a href="#[149]">&gt;&gt;</a>&nbsp;&nbsp;&nbsp;hal_exflash_write
</UL>

<P><STRONG><a name="[663]"></a>exflash_resume</STRONG> (Thumb, 0 bytes, Stack size 0 bytes, rom_symbol.txt(ABSOLUTE))
<BR><BR>[Called By]<UL><LI><a href="#[634]">&gt;&gt;</a>&nbsp;&nbsp;&nbsp;hal_exflash_resume
</UL>

<P><STRONG><a name="[662]"></a>exflash_suspend</STRONG> (Thumb, 0 bytes, Stack size 0 bytes, rom_symbol.txt(ABSOLUTE))
<BR><BR>[Called By]<UL><LI><a href="#[632]">&gt;&gt;</a>&nbsp;&nbsp;&nbsp;hal_exflash_suspend
</UL>

<P><STRONG><a name="[628]"></a>exflash_wait_busy</STRONG> (Thumb, 0 bytes, Stack size 0 bytes, rom_symbol.txt(ABSOLUTE))
<BR><BR>[Called By]<UL><LI><a href="#[62b]">&gt;&gt;</a>&nbsp;&nbsp;&nbsp;enable_quad_mode1
<LI><a href="#[629]">&gt;&gt;</a>&nbsp;&nbsp;&nbsp;enable_quad_mode2
<LI><a href="#[626]">&gt;&gt;</a>&nbsp;&nbsp;&nbsp;enable_quad_xmc
</UL>

<P><STRONG><a name="[611]"></a>exflash_wakeup</STRONG> (Thumb, 0 bytes, Stack size 0 bytes, rom_symbol.txt(ABSOLUTE))
<BR><BR>[Called By]<UL><LI><a href="#[149]">&gt;&gt;</a>&nbsp;&nbsp;&nbsp;hal_exflash_write
<LI><a href="#[14a]">&gt;&gt;</a>&nbsp;&nbsp;&nbsp;hal_exflash_erase
<LI><a href="#[60f]">&gt;&gt;</a>&nbsp;&nbsp;&nbsp;hal_exflash_warm_init
<LI><a href="#[661]">&gt;&gt;</a>&nbsp;&nbsp;&nbsp;hal_exflash_wakeup_patch
<LI><a href="#[579]">&gt;&gt;</a>&nbsp;&nbsp;&nbsp;platform_exflash_enable_quad
</UL>

<P><STRONG><a name="[62d]"></a>exflash_write_status</STRONG> (Thumb, 0 bytes, Stack size 0 bytes, rom_symbol.txt(ABSOLUTE))
<BR><BR>[Called By]<UL><LI><a href="#[62c]">&gt;&gt;</a>&nbsp;&nbsp;&nbsp;enable_quad_mode0
</UL>

<P><STRONG><a name="[685]"></a>force_dpad_le_high</STRONG> (Thumb, 0 bytes, Stack size 0 bytes, rom_symbol.txt(ABSOLUTE))
<BR><BR>[Called By]<UL><LI><a href="#[10a]">&gt;&gt;</a>&nbsp;&nbsp;&nbsp;sys_context_restore_func
</UL>

<P><STRONG><a name="[416]"></a>gapc_get_conidx</STRONG> (Thumb, 0 bytes, Stack size 0 bytes, rom_symbol.txt(ABSOLUTE))
<BR><BR>[Called By]<UL><LI><a href="#[30]">&gt;&gt;</a>&nbsp;&nbsp;&nbsp;hci_nb_cmp_pkts_evt_handler_patch (via Veneer)
<LI><a href="#[398]">&gt;&gt;</a>&nbsp;&nbsp;&nbsp;hci_le_ltk_request_evt_handler_patch (via Veneer)
</UL>

<P><STRONG><a name="[3fd]"></a>gapc_get_dest_task</STRONG> (Thumb, 0 bytes, Stack size 0 bytes, rom_symbol.txt(ABSOLUTE))
<BR><BR>[Called By]<UL><LI><a href="#[1]">&gt;&gt;</a>&nbsp;&nbsp;&nbsp;hci_disc_cmp_evt_handler_patch (via Veneer)
<LI><a href="#[124]">&gt;&gt;</a>&nbsp;&nbsp;&nbsp;smpc_handle_enc_change_evt_func_patch (via Veneer)
</UL>

<P><STRONG><a name="[417]"></a>gapc_get_operation</STRONG> (Thumb, 0 bytes, Stack size 0 bytes, rom_symbol.txt(ABSOLUTE))
<BR><BR>[Called By]<UL><LI><a href="#[398]">&gt;&gt;</a>&nbsp;&nbsp;&nbsp;hci_le_ltk_request_evt_handler_patch (via Veneer)
<LI><a href="#[124]">&gt;&gt;</a>&nbsp;&nbsp;&nbsp;smpc_handle_enc_change_evt_func_patch (via Veneer)
</UL>

<P><STRONG><a name="[5d1]"></a>gapc_link_encrypted</STRONG> (Thumb, 0 bytes, Stack size 0 bytes, rom_symbol.txt(ABSOLUTE))
<BR><BR>[Called By]<UL><LI><a href="#[124]">&gt;&gt;</a>&nbsp;&nbsp;&nbsp;smpc_handle_enc_change_evt_func_patch (via Veneer)
</UL>

<P><STRONG><a name="[5d0]"></a>gapc_send_complete_evt</STRONG> (Thumb, 0 bytes, Stack size 0 bytes, rom_symbol.txt(ABSOLUTE))
<BR><BR>[Called By]<UL><LI><a href="#[124]">&gt;&gt;</a>&nbsp;&nbsp;&nbsp;smpc_handle_enc_change_evt_func_patch (via Veneer)
</UL>

<P><STRONG><a name="[3fe]"></a>gapc_send_disconect_ind</STRONG> (Thumb, 0 bytes, Stack size 0 bytes, rom_symbol.txt(ABSOLUTE))
<BR><BR>[Called By]<UL><LI><a href="#[1]">&gt;&gt;</a>&nbsp;&nbsp;&nbsp;hci_disc_cmp_evt_handler_patch (via Veneer)
</UL>

<P><STRONG><a name="[3ff]"></a>gapc_send_error_evt</STRONG> (Thumb, 0 bytes, Stack size 0 bytes, rom_symbol.txt(ABSOLUTE))
<BR><BR>[Called By]<UL><LI><a href="#[1]">&gt;&gt;</a>&nbsp;&nbsp;&nbsp;hci_disc_cmp_evt_handler_patch (via Veneer)
</UL>

<P><STRONG><a name="[3a6]"></a>gapc_set_local_addr</STRONG> (Thumb, 0 bytes, Stack size 0 bytes, rom_symbol.txt(ABSOLUTE))
<BR><BR>[Called By]<UL><LI><a href="#[d3]">&gt;&gt;</a>&nbsp;&nbsp;&nbsp;gapm_init_connection_ind_func_patch (via Veneer)
</UL>

<P><STRONG><a name="[5cf]"></a>gapc_update_state</STRONG> (Thumb, 0 bytes, Stack size 0 bytes, rom_symbol.txt(ABSOLUTE))
<BR><BR>[Called By]<UL><LI><a href="#[124]">&gt;&gt;</a>&nbsp;&nbsp;&nbsp;smpc_handle_enc_change_evt_func_patch (via Veneer)
</UL>

<P><STRONG><a name="[3ad]"></a>gapm_actv_alloc</STRONG> (Thumb, 0 bytes, Stack size 0 bytes, rom_symbol.txt(ABSOLUTE))
<BR><BR>[Called By]<UL><LI><a href="#[39f]">&gt;&gt;</a>&nbsp;&nbsp;&nbsp;gapm_init_create_patch (via Veneer)
</UL>

<P><STRONG><a name="[39a]"></a>gapm_actv_check_create_param</STRONG> (Thumb, 0 bytes, Stack size 0 bytes, rom_symbol.txt(ABSOLUTE))
<BR><BR>[Called By]<UL><LI><a href="#[3a]">&gt;&gt;</a>&nbsp;&nbsp;&nbsp;gapm_activity_create_cmd_handler_patch (via Veneer)
</UL>

<P><STRONG><a name="[3af]"></a>gapm_actv_created</STRONG> (Thumb, 0 bytes, Stack size 0 bytes, rom_symbol.txt(ABSOLUTE))
<BR><BR>[Called By]<UL><LI><a href="#[39f]">&gt;&gt;</a>&nbsp;&nbsp;&nbsp;gapm_init_create_patch (via Veneer)
</UL>

<P><STRONG><a name="[39b]"></a>gapm_actv_get_free_idx</STRONG> (Thumb, 0 bytes, Stack size 0 bytes, rom_symbol.txt(ABSOLUTE))
<BR><BR>[Called By]<UL><LI><a href="#[3a]">&gt;&gt;</a>&nbsp;&nbsp;&nbsp;gapm_activity_create_cmd_handler_patch (via Veneer)
</UL>

<P><STRONG><a name="[408]"></a>gapm_actv_retrieve_cmd_cmp_evt</STRONG> (Thumb, 0 bytes, Stack size 0 bytes, rom_symbol.txt(ABSOLUTE))
<BR><BR>[Called By]<UL><LI><a href="#[42]">&gt;&gt;</a>&nbsp;&nbsp;&nbsp;hci_le_cmd_cmp_evt_init_handler_patch (via Veneer)
</UL>

<P><STRONG><a name="[443]"></a>gapm_actv_started</STRONG> (Thumb, 0 bytes, Stack size 0 bytes, rom_symbol.txt(ABSOLUTE))
<BR><BR>[Called By]<UL><LI><a href="#[409]">&gt;&gt;</a>&nbsp;&nbsp;&nbsp;init_hci_le_cmd_cmp_evt_starting_handler_patch (via Veneer)
</UL>

<P><STRONG><a name="[39c]"></a>gapm_adv_create</STRONG> (Thumb, 0 bytes, Stack size 0 bytes, rom_symbol.txt(ABSOLUTE))
<BR><BR>[Called By]<UL><LI><a href="#[3a]">&gt;&gt;</a>&nbsp;&nbsp;&nbsp;gapm_activity_create_cmd_handler_patch (via Veneer)
</UL>

<P><STRONG><a name="[400]"></a>gapm_con_cleanup</STRONG> (Thumb, 0 bytes, Stack size 0 bytes, rom_symbol.txt(ABSOLUTE))
<BR><BR>[Called By]<UL><LI><a href="#[1]">&gt;&gt;</a>&nbsp;&nbsp;&nbsp;hci_disc_cmp_evt_handler_patch (via Veneer)
</UL>

<P><STRONG><a name="[3a5]"></a>gapm_get_address_type</STRONG> (Thumb, 0 bytes, Stack size 0 bytes, rom_symbol.txt(ABSOLUTE))
<BR><BR>[Called By]<UL><LI><a href="#[39f]">&gt;&gt;</a>&nbsp;&nbsp;&nbsp;gapm_init_create_patch (via Veneer)
<LI><a href="#[d3]">&gt;&gt;</a>&nbsp;&nbsp;&nbsp;gapm_init_connection_ind_func_patch (via Veneer)
</UL>

<P><STRONG><a name="[3a0]"></a>gapm_get_att_handle</STRONG> (Thumb, 0 bytes, Stack size 0 bytes, rom_symbol.txt(ABSOLUTE))
<BR><BR>[Called By]<UL><LI><a href="#[1d]">&gt;&gt;</a>&nbsp;&nbsp;&nbsp;gapm_cmp_evt_handler_patch (via Veneer)
</UL>

<P><STRONG><a name="[3ae]"></a>gapm_get_requester</STRONG> (Thumb, 0 bytes, Stack size 0 bytes, rom_symbol.txt(ABSOLUTE))
<BR><BR>[Called By]<UL><LI><a href="#[39f]">&gt;&gt;</a>&nbsp;&nbsp;&nbsp;gapm_init_create_patch (via Veneer)
</UL>

<P><STRONG><a name="[3b0]"></a>gapm_init_check_param</STRONG> (Thumb, 0 bytes, Stack size 0 bytes, rom_symbol.txt(ABSOLUTE))
<BR><BR>[Called By]<UL><LI><a href="#[d0]">&gt;&gt;</a>&nbsp;&nbsp;&nbsp;gapm_init_start_patch (via Veneer)
</UL>

<P><STRONG><a name="[d2]"></a>gapm_init_delete</STRONG> (Thumb, 0 bytes, Stack size 0 bytes, rom_symbol.txt(ABSOLUTE), UNUSED)
<BR>[Address Reference Count : 1]<UL><LI> gapm_init_patch.o(i.gapm_init_create_patch)
</UL>
<P><STRONG><a name="[3b2]"></a>gapm_init_send_hci_le_create_con_cancel_cmd</STRONG> (Thumb, 0 bytes, Stack size 0 bytes, rom_symbol.txt(ABSOLUTE))
<BR><BR>[Called By]<UL><LI><a href="#[d1]">&gt;&gt;</a>&nbsp;&nbsp;&nbsp;gapm_init_stop_patch (via Veneer)
</UL>

<P><STRONG><a name="[3aa]"></a>gapm_init_send_hci_le_ext_create_con_cmd</STRONG> (Thumb, 0 bytes, Stack size 0 bytes, rom_symbol.txt(ABSOLUTE))
<BR><BR>[Called By]<UL><LI><a href="#[d0]">&gt;&gt;</a>&nbsp;&nbsp;&nbsp;gapm_init_start_patch (via Veneer)
<LI><a href="#[d3]">&gt;&gt;</a>&nbsp;&nbsp;&nbsp;gapm_init_connection_ind_func_patch (via Veneer)
</UL>

<P><STRONG><a name="[3ab]"></a>gapm_init_stopped</STRONG> (Thumb, 0 bytes, Stack size 0 bytes, rom_symbol.txt(ABSOLUTE))
<BR><BR>[Called By]<UL><LI><a href="#[d3]">&gt;&gt;</a>&nbsp;&nbsp;&nbsp;gapm_init_connection_ind_func_patch (via Veneer)
<LI><a href="#[409]">&gt;&gt;</a>&nbsp;&nbsp;&nbsp;init_hci_le_cmd_cmp_evt_starting_handler_patch (via Veneer)
</UL>

<P><STRONG><a name="[3ac]"></a>gapm_is_addr_type_valid</STRONG> (Thumb, 0 bytes, Stack size 0 bytes, rom_symbol.txt(ABSOLUTE))
<BR><BR>[Called By]<UL><LI><a href="#[39f]">&gt;&gt;</a>&nbsp;&nbsp;&nbsp;gapm_init_create_patch (via Veneer)
</UL>

<P><STRONG><a name="[39e]"></a>gapm_per_sync_create</STRONG> (Thumb, 0 bytes, Stack size 0 bytes, rom_symbol.txt(ABSOLUTE))
<BR><BR>[Called By]<UL><LI><a href="#[3a]">&gt;&gt;</a>&nbsp;&nbsp;&nbsp;gapm_activity_create_cmd_handler_patch (via Veneer)
</UL>

<P><STRONG><a name="[399]"></a>gapm_process_op</STRONG> (Thumb, 0 bytes, Stack size 0 bytes, rom_symbol.txt(ABSOLUTE))
<BR><BR>[Called By]<UL><LI><a href="#[3a]">&gt;&gt;</a>&nbsp;&nbsp;&nbsp;gapm_activity_create_cmd_handler_patch (via Veneer)
</UL>

<P><STRONG><a name="[39d]"></a>gapm_scan_create</STRONG> (Thumb, 0 bytes, Stack size 0 bytes, rom_symbol.txt(ABSOLUTE))
<BR><BR>[Called By]<UL><LI><a href="#[3a]">&gt;&gt;</a>&nbsp;&nbsp;&nbsp;gapm_activity_create_cmd_handler_patch (via Veneer)
</UL>

<P><STRONG><a name="[255]"></a>gattc_get_mtu</STRONG> (Thumb, 0 bytes, Stack size 0 bytes, rom_symbol.txt(ABSOLUTE))
<BR><BR>[Called By]<UL><LI><a href="#[154]">&gt;&gt;</a>&nbsp;&nbsp;&nbsp;atts_read_mult_req_patch (via Veneer)
</UL>

<P><STRONG><a name="[3cc]"></a>hal_aon_gpio_br_callback</STRONG> (Thumb, 0 bytes, Stack size 0 bytes, rom_symbol.txt(ABSOLUTE))
<BR><BR>[Called By]<UL><LI><a href="#[3ca]">&gt;&gt;</a>&nbsp;&nbsp;&nbsp;hal_aon_gpio_irq_handler (via Veneer)
</UL>

<P><STRONG><a name="[4e3]"></a>hal_aon_gpio_read_pin</STRONG> (Thumb, 0 bytes, Stack size 0 bytes, rom_symbol.txt(ABSOLUTE))
<BR><BR>[Called By]<UL><LI><a href="#[4d8]">&gt;&gt;</a>&nbsp;&nbsp;&nbsp;maxeye_cli_cb (via Veneer)
<LI><a href="#[374]">&gt;&gt;</a>&nbsp;&nbsp;&nbsp;maxeye_g_int_get (via Veneer)
<LI><a href="#[375]">&gt;&gt;</a>&nbsp;&nbsp;&nbsp;qfy_maxeye_mcu_int_get (via Veneer)
</UL>

<P><STRONG><a name="[3c7]"></a>hal_aon_gpio_register_callback</STRONG> (Thumb, 0 bytes, Stack size 0 bytes, rom_symbol.txt(ABSOLUTE))
<BR><BR>[Called By]<UL><LI><a href="#[201]">&gt;&gt;</a>&nbsp;&nbsp;&nbsp;hal_aon_gpio_init (via Veneer)
</UL>

<P><STRONG><a name="[187]"></a>hal_aon_wdt_irq_handler</STRONG> (Thumb, 0 bytes, Stack size 0 bytes, rom_symbol.txt(ABSOLUTE))
<BR><BR>[Called By]<UL><LI><a href="#[9e]">&gt;&gt;</a>&nbsp;&nbsp;&nbsp;AON_WDT_IRQHandler (via Veneer)
</UL>

<P><STRONG><a name="[3ce]"></a>hal_aon_wdt_register_callback</STRONG> (Thumb, 0 bytes, Stack size 0 bytes, rom_symbol.txt(ABSOLUTE))
<BR><BR>[Called By]<UL><LI><a href="#[3cd]">&gt;&gt;</a>&nbsp;&nbsp;&nbsp;hal_aon_wdt_init (via Veneer)
</UL>

<P><STRONG><a name="[436]"></a>hal_dma_abort_it</STRONG> (Thumb, 0 bytes, Stack size 0 bytes, rom_symbol.txt(ABSOLUTE))
<BR><BR>[Called By]<UL><LI><a href="#[43a]">&gt;&gt;</a>&nbsp;&nbsp;&nbsp;i2c_it_slave_cplt (via Veneer)
<LI><a href="#[3e1]">&gt;&gt;</a>&nbsp;&nbsp;&nbsp;i2c_it_error (via Veneer)
</UL>

<P><STRONG><a name="[343]"></a>hal_dma_get_state</STRONG> (Thumb, 0 bytes, Stack size 0 bytes, rom_symbol.txt(ABSOLUTE))
<BR><BR>[Called By]<UL><LI><a href="#[136]">&gt;&gt;</a>&nbsp;&nbsp;&nbsp;dma_prepare_for_sleep (via Veneer)
</UL>

<P><STRONG><a name="[5fc]"></a>hal_dma_irq_handler</STRONG> (Thumb, 0 bytes, Stack size 0 bytes, rom_symbol.txt(ABSOLUTE))
<BR><BR>[Called By]<UL><LI><a href="#[85]">&gt;&gt;</a>&nbsp;&nbsp;&nbsp;DMA_IRQHandler
</UL>

<P><STRONG><a name="[5fb]"></a>hal_dma_resume_reg</STRONG> (Thumb, 0 bytes, Stack size 0 bytes, rom_symbol.txt(ABSOLUTE))
<BR><BR>[Called By]<UL><LI><a href="#[138]">&gt;&gt;</a>&nbsp;&nbsp;&nbsp;dma_wake_up_ind
</UL>

<P><STRONG><a name="[344]"></a>hal_dma_suspend_reg</STRONG> (Thumb, 0 bytes, Stack size 0 bytes, rom_symbol.txt(ABSOLUTE))
<BR><BR>[Called By]<UL><LI><a href="#[136]">&gt;&gt;</a>&nbsp;&nbsp;&nbsp;dma_prepare_for_sleep (via Veneer)
</UL>

<P><STRONG><a name="[5da]"></a>hal_efuse_read</STRONG> (Thumb, 0 bytes, Stack size 0 bytes, rom_symbol.txt(ABSOLUTE))
[...]
</UL>
<BR>[Called By]<UL><LI><a href="#[570]">&gt;&gt;</a>&nbsp;&nbsp;&nbsp;platform_clock_init
</UL>

<P><STRONG><a name="[574]"></a>platform_set_psc_clk</STRONG> (Thumb, 76 bytes, Stack size 8 bytes, platform_clock.o(i.platform_set_psc_clk))
<BR><BR>[Stack]<UL><LI>Max Depth = 8<LI>Call Chain = platform_set_psc_clk
</UL>
<BR>[Calls]<UL><LI><a href="#[58d]">&gt;&gt;</a>&nbsp;&nbsp;&nbsp;sys_lpclk_set
<LI><a href="#[576]">&gt;&gt;</a>&nbsp;&nbsp;&nbsp;ll_pwr_is_active_flag_psc_cmd_busy
<LI><a href="#[577]">&gt;&gt;</a>&nbsp;&nbsp;&nbsp;ll_pwr_req_excute_psc_command
</UL>
<BR>[Called By]<UL><LI><a href="#[570]">&gt;&gt;</a>&nbsp;&nbsp;&nbsp;platform_clock_init
</UL>

<P><STRONG><a name="[572]"></a>rf_xo_offset_init</STRONG> (Thumb, 96 bytes, Stack size 24 bytes, platform_clock.o(i.rf_xo_offset_init))
<BR><BR>[Stack]<UL><LI>Max Depth = 1232<LI>Call Chain = rf_xo_offset_init &rArr; nvds_put &rArr; replace_item &rArr; append_item &rArr; compact_nvds &rArr; write_compacted_items &rArr; write_incr &rArr; dec_flash_write &rArr; hal_flash_write_r &rArr; hal_exflash_write &rArr; hal_xqspi_init_ext &rArr; hal_xqspi_init_ext_patch &rArr; ll_xqspi_init_patch
</UL>
<BR>[Calls]<UL><LI><a href="#[299]">&gt;&gt;</a>&nbsp;&nbsp;&nbsp;nvds_put
<LI><a href="#[507]">&gt;&gt;</a>&nbsp;&nbsp;&nbsp;nvds_get
<LI><a href="#[5bd]">&gt;&gt;</a>&nbsp;&nbsp;&nbsp;work_xo_bias_set
</UL>
<BR>[Called By]<UL><LI><a href="#[570]">&gt;&gt;</a>&nbsp;&nbsp;&nbsp;platform_clock_init
</UL>

<P><STRONG><a name="[571]"></a>system_clk_mgmt_init</STRONG> (Thumb, 44 bytes, Stack size 0 bytes, platform_clock.o(i.system_clk_mgmt_init))
<BR><BR>[Called By]<UL><LI><a href="#[570]">&gt;&gt;</a>&nbsp;&nbsp;&nbsp;platform_clock_init
</UL>

<P><STRONG><a name="[367]"></a>llc_rem_encrypt_proc_finish</STRONG> (Thumb, 168 bytes, Stack size 24 bytes, llc_encrypt_patch.o(i.llc_rem_encrypt_proc_finish))
<BR><BR>[Stack]<UL><LI>Max Depth = 24<LI>Call Chain = llc_rem_encrypt_proc_finish
</UL>
<BR>[Calls]<UL><LI><a href="#[478]">&gt;&gt;</a>&nbsp;&nbsp;&nbsp;lld_con_data_flow_set
<LI><a href="#[477]">&gt;&gt;</a>&nbsp;&nbsp;&nbsp;llc_proc_unreg (via Veneer)
<LI><a href="#[479]">&gt;&gt;</a>&nbsp;&nbsp;&nbsp;llc_proc_timer_pause_set (via Veneer)
<LI><a href="#[45b]">&gt;&gt;</a>&nbsp;&nbsp;&nbsp;llc_proc_get (via Veneer)
<LI><a href="#[47b]">&gt;&gt;</a>&nbsp;&nbsp;&nbsp;llc_llcp_state_set (via Veneer)
<LI><a href="#[486]">&gt;&gt;</a>&nbsp;&nbsp;&nbsp;llc_le_ping_restart (via Veneer)
<LI><a href="#[485]">&gt;&gt;</a>&nbsp;&nbsp;&nbsp;llc_hci_enc_evt_send (via Veneer)
</UL>
<BR>[Called By]<UL><LI><a href="#[366]">&gt;&gt;</a>&nbsp;&nbsp;&nbsp;finish_encryt_check_by_llcp
<LI><a href="#[e1]">&gt;&gt;</a>&nbsp;&nbsp;&nbsp;llc_rem_encrypt_proc_continue_patch
</UL>

<P><STRONG><a name="[f8]"></a>lld_scan_evt_start_cbk_patch</STRONG> (Thumb, 10 bytes, Stack size 0 bytes, lld_scan_patch.o(RAM_CODE))
<BR><BR>[Calls]<UL><LI><a href="#[646]">&gt;&gt;</a>&nbsp;&nbsp;&nbsp;lld_scan_evt_start_cbk
</UL>
<BR>[Address Reference Count : 1]<UL><LI> lld_scan_patch.o(i.lld_scan_start_func_patch)
</UL>
<P><STRONG><a name="[647]"></a>lld_scan_process_pkt_rx_patch</STRONG> (Thumb, 2664 bytes, Stack size 80 bytes, lld_scan_patch.o(RAM_CODE))
<BR><BR>[Stack]<UL><LI>Max Depth = 92<LI>Call Chain = lld_scan_process_pkt_rx_patch &rArr; memcmp
</UL>
<BR>[Calls]<UL><LI><a href="#[64b]">&gt;&gt;</a>&nbsp;&nbsp;&nbsp;lld_scan_sync_info_unpack
<LI><a href="#[649]">&gt;&gt;</a>&nbsp;&nbsp;&nbsp;lld_scan_sync_accept
<LI><a href="#[648]">&gt;&gt;</a>&nbsp;&nbsp;&nbsp;lld_scan_get_adv_data_len
<LI><a href="#[48c]">&gt;&gt;</a>&nbsp;&nbsp;&nbsp;lld_rxdesc_free
<LI><a href="#[48d]">&gt;&gt;</a>&nbsp;&nbsp;&nbsp;lld_rxdesc_check
<LI><a href="#[64a]">&gt;&gt;</a>&nbsp;&nbsp;&nbsp;lld_calc_aux_rx
<LI><a href="#[3a8]">&gt;&gt;</a>&nbsp;&nbsp;&nbsp;ke_msg_send
<LI><a href="#[414]">&gt;&gt;</a>&nbsp;&nbsp;&nbsp;ke_msg_free
<LI><a href="#[3a7]">&gt;&gt;</a>&nbsp;&nbsp;&nbsp;ke_msg_alloc
<LI><a href="#[64c]">&gt;&gt;</a>&nbsp;&nbsp;&nbsp;ke_free
<LI><a href="#[189]">&gt;&gt;</a>&nbsp;&nbsp;&nbsp;assert_err
<LI><a href="#[1c7]">&gt;&gt;</a>&nbsp;&nbsp;&nbsp;memcmp
<LI><a href="#[166]">&gt;&gt;</a>&nbsp;&nbsp;&nbsp;__aeabi_memclr
<LI><a href="#[1c9]">&gt;&gt;</a>&nbsp;&nbsp;&nbsp;__aeabi_memcpy
</UL>
<BR>[Called By]<UL><LI><a href="#[64e]">&gt;&gt;</a>&nbsp;&nbsp;&nbsp;lld_scan_frm_eof_isr_patch
<LI><a href="#[64d]">&gt;&gt;</a>&nbsp;&nbsp;&nbsp;lld_scan_frm_rx_isr_patch
</UL>

<P><STRONG><a name="[64d]"></a>lld_scan_frm_rx_isr_patch</STRONG> (Thumb, 86 bytes, Stack size 24 bytes, lld_scan_patch.o(RAM_CODE))
<BR><BR>[Stack]<UL><LI>Max Depth = 116<LI>Call Chain = lld_scan_frm_rx_isr_patch &rArr; lld_scan_process_pkt_rx_patch &rArr; memcmp
</UL>
<BR>[Calls]<UL><LI><a href="#[189]">&gt;&gt;</a>&nbsp;&nbsp;&nbsp;assert_err
<LI><a href="#[647]">&gt;&gt;</a>&nbsp;&nbsp;&nbsp;lld_scan_process_pkt_rx_patch
</UL>
<BR>[Called By]<UL><LI><a href="#[f5]">&gt;&gt;</a>&nbsp;&nbsp;&nbsp;lld_scan_frm_cbk_func_patch
</UL>

<P><STRONG><a name="[64e]"></a>lld_scan_frm_eof_isr_patch</STRONG> (Thumb, 290 bytes, Stack size 48 bytes, lld_scan_patch.o(RAM_CODE))
<BR><BR>[Stack]<UL><LI>Max Depth = 140<LI>Call Chain = lld_scan_frm_eof_isr_patch &rArr; lld_scan_process_pkt_rx_patch &rArr; memcmp
</UL>
<BR>[Calls]<UL><LI><a href="#[48b]">&gt;&gt;</a>&nbsp;&nbsp;&nbsp;sch_arb_remove
<LI><a href="#[650]">&gt;&gt;</a>&nbsp;&nbsp;&nbsp;lld_scan_trunc_ind
<LI><a href="#[64f]">&gt;&gt;</a>&nbsp;&nbsp;&nbsp;lld_scan_end
<LI><a href="#[48c]">&gt;&gt;</a>&nbsp;&nbsp;&nbsp;lld_rxdesc_free
<LI><a href="#[48d]">&gt;&gt;</a>&nbsp;&nbsp;&nbsp;lld_rxdesc_check
<LI><a href="#[413]">&gt;&gt;</a>&nbsp;&nbsp;&nbsp;assert_param
<LI><a href="#[647]">&gt;&gt;</a>&nbsp;&nbsp;&nbsp;lld_scan_process_pkt_rx_patch
</UL>
<BR>[Called By]<UL><LI><a href="#[f5]">&gt;&gt;</a>&nbsp;&nbsp;&nbsp;lld_scan_frm_cbk_func_patch
</UL>

<P><STRONG><a name="[f5]"></a>lld_scan_frm_cbk_func_patch</STRONG> (Thumb, 150 bytes, Stack size 16 bytes, lld_scan_patch.o(RAM_CODE))
<BR><BR>[Stack]<UL><LI>Max Depth = 156<LI>Call Chain = lld_scan_frm_cbk_func_patch &rArr; lld_scan_frm_eof_isr_patch &rArr; lld_scan_process_pkt_rx_patch &rArr; memcmp
</UL>
<BR>[Calls]<UL><LI><a href="#[651]">&gt;&gt;</a>&nbsp;&nbsp;&nbsp;lld_scan_frm_skip_isr
<LI><a href="#[413]">&gt;&gt;</a>&nbsp;&nbsp;&nbsp;assert_param
<LI><a href="#[64e]">&gt;&gt;</a>&nbsp;&nbsp;&nbsp;lld_scan_frm_eof_isr_patch
<LI><a href="#[64d]">&gt;&gt;</a>&nbsp;&nbsp;&nbsp;lld_scan_frm_rx_isr_patch
</UL>
<BR>[Address Reference Count : 1]<UL><LI> lld_scan_patch.o(i.lld_scan_frm_cbk_replace)
</UL>
<P><STRONG><a name="[154]"></a>atts_read_mult_req_patch</STRONG> (Thumb, 376 bytes, Stack size 56 bytes, atts_patch.o(i.atts_read_mult_req_patch))
<BR><BR>[Stack]<UL><LI>Max Depth = 56<LI>Call Chain = atts_read_mult_req_patch
</UL>
<BR>[Calls]<UL><LI><a href="#[258]">&gt;&gt;</a>&nbsp;&nbsp;&nbsp;ke_malloc (via Veneer)
<LI><a href="#[255]">&gt;&gt;</a>&nbsp;&nbsp;&nbsp;gattc_get_mtu (via Veneer)
<LI><a href="#[254]">&gt;&gt;</a>&nbsp;&nbsp;&nbsp;co_list_size (via Veneer)
<LI><a href="#[252]">&gt;&gt;</a>&nbsp;&nbsp;&nbsp;co_list_push_back (via Veneer)
<LI><a href="#[25b]">&gt;&gt;</a>&nbsp;&nbsp;&nbsp;atts_send_pdu (via Veneer)
<LI><a href="#[25c]">&gt;&gt;</a>&nbsp;&nbsp;&nbsp;atts_send_error (via Veneer)
<LI><a href="#[257]">&gt;&gt;</a>&nbsp;&nbsp;&nbsp;atts_get_value (via Veneer)
<LI><a href="#[256]">&gt;&gt;</a>&nbsp;&nbsp;&nbsp;atts_get_att_chk_perm (via Veneer)
<LI><a href="#[259]">&gt;&gt;</a>&nbsp;&nbsp;&nbsp;atts_clear_read_cache (via Veneer)
<LI><a href="#[25a]">&gt;&gt;</a>&nbsp;&nbsp;&nbsp;l2cc_pdu_alloc (via Veneer)
<LI><a href="#[1c8]">&gt;&gt;</a>&nbsp;&nbsp;&nbsp;dbg_log_printf (via Veneer)
<LI><a href="#[1c9]">&gt;&gt;</a>&nbsp;&nbsp;&nbsp;__aeabi_memcpy
</UL>
<BR>[Address Reference Count : 1]<UL><LI> atts_patch.o(.constdata)
</UL>
<P><STRONG><a name="[44e]"></a>get_conn_idx_by_id</STRONG> (Thumb, 42 bytes, Stack size 12 bytes, l2cm_patch.o(i.get_conn_idx_by_id))
<BR><BR>[Stack]<UL><LI>Max Depth = 12<LI>Call Chain = get_conn_idx_by_id
</UL>
<BR>[Called By]<UL><LI><a href="#[db]">&gt;&gt;</a>&nbsp;&nbsp;&nbsp;l2cm_l2cap_tx_handler_patch
</UL>

<P><STRONG><a name="[db]"></a>l2cm_l2cap_tx_handler_patch</STRONG> (Thumb, 148 bytes, Stack size 32 bytes, l2cm_patch.o(i.l2cm_l2cap_tx_handler_patch))
<BR><BR>[Stack]<UL><LI>Max Depth = 44<LI>Call Chain = l2cm_l2cap_tx_handler_patch &rArr; get_conn_idx_by_id
</UL>
<BR>[Calls]<UL><LI><a href="#[424]">&gt;&gt;</a>&nbsp;&nbsp;&nbsp;ke_event_set (via Veneer)
<LI><a href="#[44b]">&gt;&gt;</a>&nbsp;&nbsp;&nbsp;ke_event_clear (via Veneer)
<LI><a href="#[44e]">&gt;&gt;</a>&nbsp;&nbsp;&nbsp;get_conn_idx_by_id
</UL>
<BR>[Address Reference Count : 1]<UL><LI> l2cm_patch.o(i.l2cm_l2cap_tx_handler_replace)
</UL>
<P><STRONG><a name="[454]"></a>ll_aon_gpio_set_pin_mode</STRONG> (Thumb, 36 bytes, Stack size 8 bytes, gr55xx_ll_aon_gpio_patch.o(i.ll_aon_gpio_set_pin_mode))
<BR><BR>[Stack]<UL><LI>Max Depth = 8<LI>Call Chain = ll_aon_gpio_set_pin_mode
</UL>
<BR>[Called By]<UL><LI><a href="#[3c9]">&gt;&gt;</a>&nbsp;&nbsp;&nbsp;ll_aon_gpio_init
</UL>

<P><STRONG><a name="[45f]"></a>ll_dma_is_empty_fifo</STRONG> (Thumb, 20 bytes, Stack size 0 bytes, gr55xx_ll_dma_patch.o(i.ll_dma_is_empty_fifo))
<BR><BR>[Called By]<UL><LI><a href="#[3d3]">&gt;&gt;</a>&nbsp;&nbsp;&nbsp;ll_dma_init
</UL>

<P><STRONG><a name="[45d]"></a>ll_dma_is_enabled_channel</STRONG> (Thumb, 20 bytes, Stack size 0 bytes, gr55xx_ll_dma_patch.o(i.ll_dma_is_enabled_channel))
<BR><BR>[Called By]<UL><LI><a href="#[3d3]">&gt;&gt;</a>&nbsp;&nbsp;&nbsp;ll_dma_init
</UL>

<P><STRONG><a name="[460]"></a>ll_dma_resume_channel</STRONG> (Thumb, 22 bytes, Stack size 0 bytes, gr55xx_ll_dma_patch.o(i.ll_dma_resume_channel))
<BR><BR>[Called By]<UL><LI><a href="#[3d3]">&gt;&gt;</a>&nbsp;&nbsp;&nbsp;ll_dma_init
</UL>

<P><STRONG><a name="[45e]"></a>ll_dma_suspend_channel</STRONG> (Thumb, 22 bytes, Stack size 0 bytes, gr55xx_ll_dma_patch.o(i.ll_dma_suspend_channel))
<BR><BR>[Called By]<UL><LI><a href="#[3d3]">&gt;&gt;</a>&nbsp;&nbsp;&nbsp;ll_dma_init
</UL>

<P><STRONG><a name="[665]"></a>ll_xqspi_disable_cache</STRONG> (Thumb, 28 bytes, Stack size 0 bytes, gr55xx_ll_xqspi_patch.o(RAM_CODE))
<BR><BR>[Called By]<UL><LI><a href="#[608]">&gt;&gt;</a>&nbsp;&nbsp;&nbsp;ll_xqspi_init_patch
</UL>

<P><STRONG><a name="[461]"></a>ll_msio_set_pin_mode</STRONG> (Thumb, 42 bytes, Stack size 8 bytes, gr55xx_ll_msio_patch.o(i.ll_msio_set_pin_mode))
<BR><BR>[Stack]<UL><LI>Max Depth = 8<LI>Call Chain = ll_msio_set_pin_mode
</UL>
<BR>[Called By]<UL><LI><a href="#[3ec]">&gt;&gt;</a>&nbsp;&nbsp;&nbsp;ll_msio_init
</UL>

<P><STRONG><a name="[113]"></a>rf_wakeup_init_patch</STRONG> (Thumb, 16 bytes, Stack size 8 bytes, rf_gdx_patch.o(RAM_CODE))
<BR><BR>[Stack]<UL><LI>Max Depth = 8<LI>Call Chain = rf_wakeup_init_patch
</UL>
<BR>[Calls]<UL><LI><a href="#[684]">&gt;&gt;</a>&nbsp;&nbsp;&nbsp;rf_wakeup_init
<LI><a href="#[5b7]">&gt;&gt;</a>&nbsp;&nbsp;&nbsp;rf_timing_cfg
<LI><a href="#[5b8]">&gt;&gt;</a>&nbsp;&nbsp;&nbsp;rf_perform_enhance
</UL>
<BR>[Address Reference Count : 1]<UL><LI> rf_gdx_patch.o(i.rf_gdx_replace)
</UL>
<P><STRONG><a name="[34c]"></a>get_F_value_patch</STRONG> (Thumb, 32 bytes, Stack size 0 bytes, rf_gdx_patch.o(i.get_F_value_patch))
<BR><BR>[Called By]<UL><LI><a href="#[5b3]">&gt;&gt;</a>&nbsp;&nbsp;&nbsp;rf_modulation_accuracy_calibration_patch
<LI><a href="#[348]">&gt;&gt;</a>&nbsp;&nbsp;&nbsp;ext_hp_gain_calibration
</UL>

<P><STRONG><a name="[112]"></a>rf_init_patch</STRONG> (Thumb, 84 bytes, Stack size 8 bytes, rf_gdx_patch.o(i.rf_init_patch))
<BR><BR>[Stack]<UL><LI>Max Depth = 344<LI>Call Chain = rf_init_patch &rArr; rf_modulation_accuracy_calibration_patch &rArr; round &rArr; __aeabi_dadd &rArr; _double_epilogue &rArr; _double_round
</UL>
<BR>[Calls]<UL><LI><a href="#[5b6]">&gt;&gt;</a>&nbsp;&nbsp;&nbsp;rf_trim_calibration
<LI><a href="#[5b4]">&gt;&gt;</a>&nbsp;&nbsp;&nbsp;rf_misc_init
<LI><a href="#[5b2]">&gt;&gt;</a>&nbsp;&nbsp;&nbsp;rf_em_init
<LI><a href="#[5b1]">&gt;&gt;</a>&nbsp;&nbsp;&nbsp;rf_api_init
<LI><a href="#[5b5]">&gt;&gt;</a>&nbsp;&nbsp;&nbsp;rf_agc_init
<LI><a href="#[2a7]">&gt;&gt;</a>&nbsp;&nbsp;&nbsp;ble_communication_core_init
<LI><a href="#[5b3]">&gt;&gt;</a>&nbsp;&nbsp;&nbsp;rf_modulation_accuracy_calibration_patch
<LI><a href="#[5ad]">&gt;&gt;</a>&nbsp;&nbsp;&nbsp;rf_hp_gain_offset_cfg
<LI><a href="#[348]">&gt;&gt;</a>&nbsp;&nbsp;&nbsp;ext_hp_gain_calibration
<LI><a href="#[5b7]">&gt;&gt;</a>&nbsp;&nbsp;&nbsp;rf_timing_cfg
<LI><a href="#[5b8]">&gt;&gt;</a>&nbsp;&nbsp;&nbsp;rf_perform_enhance
</UL>
<BR>[Address Reference Count : 1]<UL><LI> rf_gdx_patch.o(i.rf_gdx_replace)
</UL>
<P><STRONG><a name="[5bc]"></a>rf_tx_pw_conv_tbl_get</STRONG> (Thumb, 76 bytes, Stack size 0 bytes, rf_gdx_patch.o(i.rf_tx_pw_conv_tbl_get))
<BR><BR>[Called By]<UL><LI><a href="#[114]">&gt;&gt;</a>&nbsp;&nbsp;&nbsp;rf_txpwr_dbm_get_patch
<LI><a href="#[115]">&gt;&gt;</a>&nbsp;&nbsp;&nbsp;rf_txpwr_cs_get_patch
</UL>

<P><STRONG><a name="[115]"></a>rf_txpwr_cs_get_patch</STRONG> (Thumb, 96 bytes, Stack size 16 bytes, rf_gdx_patch.o(i.rf_txpwr_cs_get_patch))
<BR><BR>[Stack]<UL><LI>Max Depth = 16<LI>Call Chain = rf_txpwr_cs_get_patch
</UL>
<BR>[Calls]<UL><LI><a href="#[5ba]">&gt;&gt;</a>&nbsp;&nbsp;&nbsp;rf_tx_mode_get
<LI><a href="#[5bb]">&gt;&gt;</a>&nbsp;&nbsp;&nbsp;rf_mat_cir_get
<LI><a href="#[5bc]">&gt;&gt;</a>&nbsp;&nbsp;&nbsp;rf_tx_pw_conv_tbl_get
</UL>
<BR>[Address Reference Count : 1]<UL><LI> rf_gdx_patch.o(i.rf_init_patch)
</UL>
<P><STRONG><a name="[114]"></a>rf_txpwr_dbm_get_patch</STRONG> (Thumb, 94 bytes, Stack size 24 bytes, rf_gdx_patch.o(i.rf_txpwr_dbm_get_patch))
<BR><BR>[Stack]<UL><LI>Max Depth = 24<LI>Call Chain = rf_txpwr_dbm_get_patch
</UL>
<BR>[Calls]<UL><LI><a href="#[5ba]">&gt;&gt;</a>&nbsp;&nbsp;&nbsp;rf_tx_mode_get
<LI><a href="#[5bb]">&gt;&gt;</a>&nbsp;&nbsp;&nbsp;rf_mat_cir_get
<LI><a href="#[5bc]">&gt;&gt;</a>&nbsp;&nbsp;&nbsp;rf_tx_pw_conv_tbl_get
</UL>
<BR>[Address Reference Count : 1]<UL><LI> rf_gdx_patch.o(i.rf_init_patch)
</UL>
<P><STRONG><a name="[3b5]"></a>gatt_remove_item_patch</STRONG> (Thumb, 52 bytes, Stack size 16 bytes, ble_sdk_gatts_patch.o(i.gatt_remove_item_patch))
<BR><BR>[Stack]<UL><LI>Max Depth = 16<LI>Call Chain = gatt_remove_item_patch
</UL>
<BR>[Calls]<UL><LI><a href="#[1c8]">&gt;&gt;</a>&nbsp;&nbsp;&nbsp;dbg_log_printf (via Veneer)
<LI><a href="#[166]">&gt;&gt;</a>&nbsp;&nbsp;&nbsp;__aeabi_memclr
</UL>
<BR>[Called By]<UL><LI><a href="#[37f]">&gt;&gt;</a>&nbsp;&nbsp;&nbsp;gatt_on_connection_func_patch
<LI><a href="#[d4]">&gt;&gt;</a>&nbsp;&nbsp;&nbsp;gatt_on_disconnection_func_patch
</UL>

<P><STRONG><a name="[36d]"></a>get_ori_cmd</STRONG> (Thumb, 4 bytes, Stack size 0 bytes, platform_patch.o(i.get_ori_cmd))
<BR><BR>[Called By]<UL><LI><a href="#[368]">&gt;&gt;</a>&nbsp;&nbsp;&nbsp;fun_replace_by_svc
</UL>

<P><STRONG><a name="[36e]"></a>get_svc_cmd</STRONG> (Thumb, 6 bytes, Stack size 0 bytes, platform_patch.o(i.get_svc_cmd))
<BR><BR>[Called By]<UL><LI><a href="#[368]">&gt;&gt;</a>&nbsp;&nbsp;&nbsp;fun_replace_by_svc
</UL>

<P><STRONG><a name="[1c4]"></a>ll_adc_disable_clock</STRONG> (Thumb, 26 bytes, Stack size 0 bytes, platform_adc.o(i.ll_adc_disable_clock))
<BR><BR>[Called By]<UL><LI><a href="#[1c3]">&gt;&gt;</a>&nbsp;&nbsp;&nbsp;adc_conversion
</UL>

<P><STRONG><a name="[490]"></a>lld_try_to_free_old_buffer</STRONG> (Thumb, 56 bytes, Stack size 0 bytes, lld_adv_patch.o(i.lld_try_to_free_old_buffer))
<BR><BR>[Calls]<UL><LI><a href="#[4a8]">&gt;&gt;</a>&nbsp;&nbsp;&nbsp;ble_util_buf_adv_tx_free (via Veneer)
</UL>
<BR>[Called By]<UL><LI><a href="#[489]">&gt;&gt;</a>&nbsp;&nbsp;&nbsp;lld_adv_frm_isr_patch
</UL>

<P><STRONG><a name="[c9]"></a>get_info</STRONG> (Thumb, 70 bytes, Stack size 16 bytes, dfu_cmd_handler_patch.o(i.get_info))
<BR><BR>[Stack]<UL><LI>Max Depth = 16<LI>Call Chain = get_info
</UL>
<BR>[Calls]<UL><LI><a href="#[3be]">&gt;&gt;</a>&nbsp;&nbsp;&nbsp;dfu_send_frame
</UL>
<BR>[Address Reference Count : 1]<UL><LI> dfu_cmd_handler_patch.o(i.dfu_cmd_handler_replace)
</UL>
<P><STRONG><a name="[123]"></a>gattc_write_req_ind_handler_patch</STRONG> (Thumb, 180 bytes, Stack size 40 bytes, ble_sdk_prf_patch.o(i.gattc_write_req_ind_handler_patch))
<BR><BR>[Stack]<UL><LI>Max Depth = 64<LI>Call Chain = gattc_write_req_ind_handler_patch &rArr; sec_check_conn_bond_patch
</UL>
<BR>[Calls]<UL><LI><a href="#[2d6]">&gt;&gt;</a>&nbsp;&nbsp;&nbsp;fpb_save_state
<LI><a href="#[2d5]">&gt;&gt;</a>&nbsp;&nbsp;&nbsp;fpb_load_state
<LI><a href="#[3b9]">&gt;&gt;</a>&nbsp;&nbsp;&nbsp;prf_get_prf_cb_by_task_id
<LI><a href="#[3bc]">&gt;&gt;</a>&nbsp;&nbsp;&nbsp;ble_prf_get_id_from_task
<LI><a href="#[3bb]">&gt;&gt;</a>&nbsp;&nbsp;&nbsp;ble_attmdb_uuid16_comp
<LI><a href="#[3ba]">&gt;&gt;</a>&nbsp;&nbsp;&nbsp;ble_attmdb_get_attribute
<LI><a href="#[2d7]">&gt;&gt;</a>&nbsp;&nbsp;&nbsp;sec_get_bond_dev_addr
<LI><a href="#[2da]">&gt;&gt;</a>&nbsp;&nbsp;&nbsp;gatt_add_bond_cccd
<LI><a href="#[2dc]">&gt;&gt;</a>&nbsp;&nbsp;&nbsp;ble_bm_set_gatt_info
<LI><a href="#[1c8]">&gt;&gt;</a>&nbsp;&nbsp;&nbsp;dbg_log_printf (via Veneer)
<LI><a href="#[2d8]">&gt;&gt;</a>&nbsp;&nbsp;&nbsp;gatt_find_item_patch
<LI><a href="#[2db]">&gt;&gt;</a>&nbsp;&nbsp;&nbsp;sec_check_conn_bond_patch
</UL>
<BR>[Address Reference Count : 1]<UL><LI> ble_sdk_prf_patch.o(i.sdk_prf_msg_handler_tab_replace)
</UL>
<P><STRONG><a name="[1bc]"></a>_fp_digits</STRONG> (Thumb, 366 bytes, Stack size 64 bytes, printfa.o(i._fp_digits), UNUSED)
<BR><BR>[Calls]<UL><LI><a href="#[179]">&gt;&gt;</a>&nbsp;&nbsp;&nbsp;__aeabi_dmul
<LI><a href="#[17a]">&gt;&gt;</a>&nbsp;&nbsp;&nbsp;__aeabi_ddiv
<LI><a href="#[173]">&gt;&gt;</a>&nbsp;&nbsp;&nbsp;__aeabi_dadd
<LI><a href="#[180]">&gt;&gt;</a>&nbsp;&nbsp;&nbsp;__aeabi_d2ulz
<LI><a href="#[1bd]">&gt;&gt;</a>&nbsp;&nbsp;&nbsp;__aeabi_cdrcmple
<LI><a href="#[163]">&gt;&gt;</a>&nbsp;&nbsp;&nbsp;__aeabi_uldivmod
</UL>
<BR>[Called By]<UL><LI><a href="#[1b8]">&gt;&gt;</a>&nbsp;&nbsp;&nbsp;_printf_core
</UL>

<P><STRONG><a name="[1b8]"></a>_printf_core</STRONG> (Thumb, 1704 bytes, Stack size 136 bytes, printfa.o(i._printf_core), UNUSED)
<BR><BR>[Calls]<UL><LI><a href="#[163]">&gt;&gt;</a>&nbsp;&nbsp;&nbsp;__aeabi_uldivmod
<LI><a href="#[1c0]">&gt;&gt;</a>&nbsp;&nbsp;&nbsp;__aeabi_uidivmod
<LI><a href="#[1be]">&gt;&gt;</a>&nbsp;&nbsp;&nbsp;_printf_pre_padding
<LI><a href="#[1bf]">&gt;&gt;</a>&nbsp;&nbsp;&nbsp;_printf_post_padding
<LI><a href="#[1bc]">&gt;&gt;</a>&nbsp;&nbsp;&nbsp;_fp_digits
</UL>
<BR>[Called By]<UL><LI><a href="#[1bb]">&gt;&gt;</a>&nbsp;&nbsp;&nbsp;__0vsnprintf
<LI><a href="#[1ba]">&gt;&gt;</a>&nbsp;&nbsp;&nbsp;__0sprintf
<LI><a href="#[1b9]">&gt;&gt;</a>&nbsp;&nbsp;&nbsp;__0snprintf
<LI><a href="#[1b7]">&gt;&gt;</a>&nbsp;&nbsp;&nbsp;__0printf
</UL>

<P><STRONG><a name="[1bf]"></a>_printf_post_padding</STRONG> (Thumb, 36 bytes, Stack size 24 bytes, printfa.o(i._printf_post_padding), UNUSED)
<BR><BR>[Called By]<UL><LI><a href="#[1b8]">&gt;&gt;</a>&nbsp;&nbsp;&nbsp;_printf_core
</UL>

<P><STRONG><a name="[1be]"></a>_printf_pre_padding</STRONG> (Thumb, 46 bytes, Stack size 24 bytes, printfa.o(i._printf_pre_padding), UNUSED)
<BR><BR>[Called By]<UL><LI><a href="#[1b8]">&gt;&gt;</a>&nbsp;&nbsp;&nbsp;_printf_core
</UL>

<P><STRONG><a name="[ad]"></a>_snputc</STRONG> (Thumb, 22 bytes, Stack size 0 bytes, printfa.o(i._snputc))
<BR>[Address Reference Count : 2]<UL><LI> printfa.o(i.__0snprintf)
<LI> printfa.o(i.__0vsnprintf)
</UL>
<P><STRONG><a name="[ae]"></a>_sputc</STRONG> (Thumb, 10 bytes, Stack size 0 bytes, printfa.o(i._sputc))
<BR><BR>[Called By]<UL><LI><a href="#[1ba]">&gt;&gt;</a>&nbsp;&nbsp;&nbsp;__0sprintf
</UL>
<BR>[Address Reference Count : 1]<UL><LI> printfa.o(i.__0sprintf)
</UL>
<P><STRONG><a name="[aa]"></a>_scanf_char_input</STRONG> (Thumb, 12 bytes, Stack size 0 bytes, scanf_char.o(.text))
<BR>[Address Reference Count : 1]<UL><LI> scanf_char.o(.text)
</UL><P>
<H3>
Undefined Global Symbols
</H3><HR></body></html>
