<html>
<body>
<pre>
<h1>µVision Build Log</h1>
<h2>Tool Versions:</h2>
IDE-Version: ¦ÌVision V5.37.0.0
Copyright (C) 2022 ARM Ltd and ARM Germany GmbH. All rights reserved.
License Information: Administrator, maxeye, LIC=ZC9PA-1TLNF-VKIBQ-LI2JE-T85HB-ITFEA
 
Tool Versions:
Toolchain:       MDK-ARM Essential  Version: 5.37.0.0
Toolchain Path:  C:\Keil_v5\ARM\ARMCC\Bin
C Compiler:      Armcc.exe V5.06 update 7 (build 960)
Assembler:       Armasm.exe V5.06 update 7 (build 960)
Linker/Locator:  ArmLink.exe V5.06 update 7 (build 960)
Library Manager: ArmAr.exe V5.06 update 7 (build 960)
Hex Converter:   FromElf.exe V5.06 update 7 (build 960)
CPU DLL:         SARMCM3.DLL V5.37.0.0
Dialog DLL:      DCM.DLL V1.17.5.0
Target DLL:      UL2CM3.DLL V1.164.7.0
Dialog DLL:      TCM.DLL V1.56.1.0
 
<h2>Project:</h2>
D:\zy\gerrit\0718x\GR5515\USI216\ble\application\Keil_5\app_216.uvprojx
Project File Date:  07/18/2023

<h2>Output:</h2>
*** Using Compiler 'V5.06 update 7 (build 960)', folder: 'C:\Keil_v5\ARM\ARMCC\Bin'
Build target 'GR5515_SK'
compiling user_log.c...
linking...
Program Size: Code=133596 RO-data=18228 RW-data=2416 ZI-data=52368  
FromELF: creating hex file...
After Build - User command #1: fromelf.exe --bin --output ..\..\..\image\application\ble\oppo_pencil.bin Objects\oppo_pencil.axf
After Build - User command #2: ..\..\..\image\application\make_image_216.bat
generate merge image : oppo_pencil_3in1_1.1.1F_Build230718.bin
QPainter::setFont: Painter not active
generate goodix image : oppo_pencil_3in1_1.1.1F_Build230718_goodix.bin
generate success.
generate goodix image : oppo_pencil_3in1_1.1.1F_Build230718_sign.bin
1
2
3
4
5
6
const n: 0x932c9bed
hash:
2543cb728e82830300ce91cbd0a0c63f87a92a8d29758c12b6f41dfe2cef3847
buf: 0x71,0x0d,0x08,0xea,0x82,0x3b,0xd4,0x67,0xc3,0x7c,0xba,0x1b,0xb7,0x5e,0x22,0x64, 
buf: 0xea,0x7f,0x10,0xf4,0x21,0xcb,0x19,0x1a,0x12,0xc8,0x23,0xef,0x8f,0x44,0xc4,0x91,0x64,0x22,0x5e,0xb7,0x1b,0xba,0x7c,0xc3,0x67,0xd4,0x3b,0x82,0xea,0x08,0x0d,0x71,0x25,0x43,0xcb,0x72,0x8e,0x82,0x83,0x03,0x00,0xce,0x91,0xcb,0xd0,0xa0,0xc6,0x3f,0x87,0xa9,0x2a,0x8d, 
buf: 0xf8,0x01,0xcb,0x3a,0x5b,0xdd,0x3b,0x67,0xb9,0x24,0x81,0xdc,0x45,0xa5,0xcb,0x76,0x36,0xc9,0x22,0x42,0x01,0x84,0x28,0xdc,0xa8,0x68,0xd1,0xc5,0xfb,0x3f,0x61,0xf8, 
buf: 0xa3,0x65,0x66,0x6d,0x5e,0xb6,0x7b,0x2e,0xe2,0x15,0x8b,0x27,0x44,0x38,0xc4,0x80,0xb5,0x0f,0xf4,0xe6,0xb7,0x59,0xb5,0x9e,0xa1,0x7e,0xa4,0x5d,0x02,0xd7,0xa0,0x69, 
".\Objects\oppo_pencil.axf" - 0 Error(s), 0 Warning(s).

<h2>Software Packages used:</h2>

Package Vendor: ARM
                http://www.keil.com/pack/ARM.CMSIS.5.9.0.pack
                ARM.CMSIS.5.9.0
                CMSIS (Common Microcontroller Software Interface Standard)

<h2>Collection of Component include folders:</h2>
  C:/Keil_v5_pack/ARM/CMSIS/5.9.0/Device/ARM/ARMCM4/Include

<h2>Collection of Component Files used:</h2>
Build Time Elapsed:  00:00:03
</pre>
</body>
</html>
